Archive member included to satisfy reference by file (symbol)

C:/Program Files/Rowley Associates Limited/CrossWorks for ARM 4.6/lib/libc_v7em_fpv5_d16_hard_t_le_eabi.a(libc_asm.o)
                              qspi_issue THUMB Debug/stm32f7xx_hal_rcc.o (__aeabi_uldivmod)
C:/Program Files/Rowley Associates Limited/CrossWorks for ARM 4.6/lib/libc_v7em_fpv5_d16_hard_t_le_eabi.a(libc2.o)
                              qspi_issue THUMB Debug/httpROMFS.o (toupper)
C:/Program Files/Rowley Associates Limited/CrossWorks for ARM 4.6/lib/libc_v7em_fpv5_d16_hard_t_le_eabi.a(libc2_asm.o)
                              qspi_issue THUMB Debug/queue.o (memcpy)
C:/Program Files/Rowley Associates Limited/CrossWorks for ARM 4.6/lib/libc_v7em_fpv5_d16_hard_t_le_eabi.a(libc.o)
                              C:/Program Files/Rowley Associates Limited/CrossWorks for ARM 4.6/lib/libc_v7em_fpv5_d16_hard_t_le_eabi.a(libc2.o) (__heap_lock)
C:/Program Files/Rowley Associates Limited/CrossWorks for ARM 4.6/lib/libdebugio_v7em_fpv5_d16_hard_t_le_eabi.a(libdebugio.o)
                              qspi_issue THUMB Debug/thumb_crt0.o (debug_fopen)
C:/Program Files/Rowley Associates Limited/CrossWorks for ARM 4.6/lib/libdebugio_v7em_fpv5_d16_hard_t_le_eabi.a(libdebugio_asm.o)
                              qspi_issue THUMB Debug/main.o (debug_printf)
C:/Program Files/Rowley Associates Limited/CrossWorks for ARM 4.6/lib/libdebugio_mempoll_v7em_fpv5_d16_hard_t_le_eabi.a(mempoll_debug_operations.o)
                              C:/Program Files/Rowley Associates Limited/CrossWorks for ARM 4.6/lib/libdebugio_v7em_fpv5_d16_hard_t_le_eabi.a(libdebugio.o) (__do_debug_operation)
C:/Program Files/Rowley Associates Limited/CrossWorks for ARM 4.6/lib/libdebugio_mempoll_v7em_fpv5_d16_hard_t_le_eabi.a(do_nv_debug_operation.o)
                              C:/Program Files/Rowley Associates Limited/CrossWorks for ARM 4.6/lib/libdebugio_v7em_fpv5_d16_hard_t_le_eabi.a(libdebugio.o) (__do_nvdebug_operation)
C:/Program Files/Rowley Associates Limited/CrossWorks for ARM 4.6/lib/libm_v7em_fpv5_d16_hard_t_le_eabi.a(libm_asm.o)
                              C:/Program Files/Rowley Associates Limited/CrossWorks for ARM 4.6/lib/libvfprintf_v7em_fpv5_d16_hard_t_le_eabi.o (__aeabi_ul2d)
C:/Program Files/Rowley Associates Limited/CrossWorks for ARM 4.6/lib/libm_v7em_fpv5_d16_hard_t_le_eabi.a(libm2.o)
                              C:/Program Files/Rowley Associates Limited/CrossWorks for ARM 4.6/lib/libvfprintf_v7em_fpv5_d16_hard_t_le_eabi.o (frexp)
C:/Program Files/Rowley Associates Limited/CrossWorks for ARM 4.6/lib/libm_v7em_fpv5_d16_hard_t_le_eabi.a(libm2_asm.o)
                              C:/Program Files/Rowley Associates Limited/CrossWorks for ARM 4.6/lib/libm_v7em_fpv5_d16_hard_t_le_eabi.a(libm2.o) (fabs)

Discarded input sections

 .group         0x0000000000000000        0xc qspi_issue THUMB Debug/main.o
 .group         0x0000000000000000        0xc qspi_issue THUMB Debug/main.o
 .group         0x0000000000000000        0xc qspi_issue THUMB Debug/main.o
 .group         0x0000000000000000        0xc qspi_issue THUMB Debug/main.o
 .group         0x0000000000000000        0xc qspi_issue THUMB Debug/main.o
 .group         0x0000000000000000        0xc qspi_issue THUMB Debug/main.o
 .group         0x0000000000000000        0xc qspi_issue THUMB Debug/main.o
 .group         0x0000000000000000        0xc qspi_issue THUMB Debug/main.o
 .group         0x0000000000000000        0xc qspi_issue THUMB Debug/main.o
 .group         0x0000000000000000        0xc qspi_issue THUMB Debug/main.o
 .group         0x0000000000000000        0xc qspi_issue THUMB Debug/main.o
 .group         0x0000000000000000        0xc qspi_issue THUMB Debug/main.o
 .group         0x0000000000000000        0xc qspi_issue THUMB Debug/main.o
 .group         0x0000000000000000        0xc qspi_issue THUMB Debug/main.o
 .group         0x0000000000000000        0xc qspi_issue THUMB Debug/main.o
 .group         0x0000000000000000        0xc qspi_issue THUMB Debug/main.o
 .group         0x0000000000000000        0xc qspi_issue THUMB Debug/main.o
 .group         0x0000000000000000        0xc qspi_issue THUMB Debug/main.o
 .group         0x0000000000000000        0xc qspi_issue THUMB Debug/main.o
 .group         0x0000000000000000        0xc qspi_issue THUMB Debug/main.o
 .group         0x0000000000000000        0xc qspi_issue THUMB Debug/main.o
 .group         0x0000000000000000        0xc qspi_issue THUMB Debug/main.o
 .group         0x0000000000000000        0xc qspi_issue THUMB Debug/main.o
 .group         0x0000000000000000        0xc qspi_issue THUMB Debug/main.o
 .group         0x0000000000000000        0xc qspi_issue THUMB Debug/main.o
 .group         0x0000000000000000        0xc qspi_issue THUMB Debug/main.o
 .group         0x0000000000000000        0xc qspi_issue THUMB Debug/main.o
[...]
Memory Configuration

Name             Origin             Length             Attributes
UNPLACED_SECTIONS 0x0000000100000000 0x0000000000000000 xw
ITCM             0x0000000000000000 0x0000000000004000 xw
ITCM_FLASH       0x0000000000200000 0x0000000000200000 xr
BOOTMEM          0x00000000081fff00 0x0000000000000100 xr
BOOTVER          0x0000000008017ff0 0x0000000000000010 xr
FLASH            0x0000000008000000 0x0000000000017ff0 xr
SYSTEM           0x000000001ff00000 0x000000000000edc0 xw
OTP              0x000000001ff0f000 0x0000000000000420 xw
OPTION           0x000000001fff0000 0x0000000000000020 xw
RAM              0x0000000020000000 0x0000000000080000 xw
DTCM             0x0000000020000000 0x0000000000020000 xw
SRAM1            0x0000000020020000 0x000000000005c000 xw
SRAM2            0x000000002007c000 0x0000000000004000 xw
APB1             0x0000000040000000 0x0000000000008000 xw
APB2             0x0000000040010000 0x0000000000006c00 xw
AHB1             0x0000000040020000 0x0000000000060000 xw
AHB2             0x0000000050000000 0x0000000000060c00 xw
NOR_PSRAM1       0x0000000060000000 0x0000000000000000 xw
NOR_PSRAM2       0x0000000064000000 0x0000000000000000 xw
NOR_PSRAM3       0x0000000068000000 0x0000000000000000 xw
NOR_PSRAM4       0x000000006c000000 0x0000000000000000 xw
NAND             0x0000000080000000 0x0000000000000000 xr
QUADSPI_FLASH    0x0000000090000000 0x0000000000800000 xr
FMC              0x00000000a0000000 0x0000000000001000 xw
QUADSPI          0x00000000a0001000 0x0000000000000400 xw
SDRAM1           0x00000000c0000000 0x0000000000000000 xw
SDRAM2           0x00000000d0000000 0x0000000000000000 xw
PPB              0x00000000e0000000 0x0000000000100000 xw
DBG              0x00000000e0042000 0x0000000000000010 xw
*default*        0x0000000000000000 0xffffffffffffffff

Linker script and memory map

                0x0000000000000000                __vfprintf = __vfprintf_long_long
                0x0000000000000000                __vfscanf = __vfscanf_float_long_long_cc
                0x0000000000000000                __ITCM_segment_start__ = 0x0
                0x0000000000004000                __ITCM_segment_end__ = 0x4000
                0x0000000000004000                __ITCM_segment_size__ = 0x4000
                0x0000000000200000                __ITCM_FLASH_segment_start__ = 0x200000
                0x0000000000400000                __ITCM_FLASH_segment_end__ = 0x400000
                0x0000000000200000                __ITCM_FLASH_segment_size__ = 0x200000
                0x00000000081fff00                __BOOTMEM_segment_start__ = 0x81fff00
                0x0000000008200000                __BOOTMEM_segment_end__ = 0x8200000
                0x0000000000000100                __BOOTMEM_segment_size__ = 0x100
                0x0000000008017ff0                __BOOTVER_segment_start__ = 0x8017ff0
                0x0000000008018000                __BOOTVER_segment_end__ = 0x8018000
                0x0000000000000010                __BOOTVER_segment_size__ = 0x10
                0x0000000008000000                __FLASH_segment_start__ = 0x8000000
                0x0000000008017ff0                __FLASH_segment_end__ = 0x8017ff0
                0x0000000000017ff0                __FLASH_segment_size__ = 0x17ff0
                0x000000001ff00000                __SYSTEM_segment_start__ = 0x1ff00000
                0x000000001ff0edc0                __SYSTEM_segment_end__ = 0x1ff0edc0
                0x000000000000edc0                __SYSTEM_segment_size__ = 0xedc0
                0x000000001ff0f000                __OTP_segment_start__ = 0x1ff0f000
                0x000000001ff0f420                __OTP_segment_end__ = 0x1ff0f420
                0x0000000000000420                __OTP_segment_size__ = 0x420
                0x000000001fff0000                __OPTION_segment_start__ = 0x1fff0000
                0x000000001fff0020                __OPTION_segment_end__ = 0x1fff0020
                0x0000000000000020                __OPTION_segment_size__ = 0x20
                0x0000000020000000                __RAM_segment_start__ = 0x20000000
                0x0000000020080000                __RAM_segment_end__ = 0x20080000
                0x0000000000080000                __RAM_segment_size__ = 0x80000
                0x0000000020000000                __DTCM_segment_start__ = 0x20000000
                0x0000000020020000                __DTCM_segment_end__ = 0x20020000
                0x0000000000020000                __DTCM_segment_size__ = 0x20000
                0x0000000020020000                __SRAM1_segment_start__ = 0x20020000
                0x000000002007c000                __SRAM1_segment_end__ = 0x2007c000
                0x000000000005c000                __SRAM1_segment_size__ = 0x5c000
                0x000000002007c000                __SRAM2_segment_start__ = 0x2007c000
                0x0000000020080000                __SRAM2_segment_end__ = 0x20080000
                0x0000000000004000                __SRAM2_segment_size__ = 0x4000
                0x0000000040000000                __APB1_segment_start__ = 0x40000000
                0x0000000040008000                __APB1_segment_end__ = 0x40008000
                0x0000000000008000                __APB1_segment_size__ = 0x8000
                0x0000000040010000                __APB2_segment_start__ = 0x40010000
                0x0000000040016c00                __APB2_segment_end__ = 0x40016c00
                0x0000000000006c00                __APB2_segment_size__ = 0x6c00
                0x0000000040020000                __AHB1_segment_start__ = 0x40020000
                0x0000000040080000                __AHB1_segment_end__ = 0x40080000
                0x0000000000060000                __AHB1_segment_size__ = 0x60000
                0x0000000050000000                __AHB2_segment_start__ = 0x50000000
                0x0000000050060c00                __AHB2_segment_end__ = 0x50060c00
                0x0000000000060c00                __AHB2_segment_size__ = 0x60c00
                0x0000000060000000                __NOR_PSRAM1_segment_start__ = 0x60000000
                0x0000000060000000                __NOR_PSRAM1_segment_end__ = 0x60000000
                0x0000000000000000                __NOR_PSRAM1_segment_size__ = 0x0
                0x0000000064000000                __NOR_PSRAM2_segment_start__ = 0x64000000
                0x0000000064000000                __NOR_PSRAM2_segment_end__ = 0x64000000
                0x0000000000000000                __NOR_PSRAM2_segment_size__ = 0x0
                0x0000000068000000                __NOR_PSRAM3_segment_start__ = 0x68000000
                0x0000000068000000                __NOR_PSRAM3_segment_end__ = 0x68000000
                0x0000000000000000                __NOR_PSRAM3_segment_size__ = 0x0
                0x000000006c000000                __NOR_PSRAM4_segment_start__ = 0x6c000000
                0x000000006c000000                __NOR_PSRAM4_segment_end__ = 0x6c000000
                0x0000000000000000                __NOR_PSRAM4_segment_size__ = 0x0
                0x0000000080000000                __NAND_segment_start__ = 0x80000000
                0x0000000080000000                __NAND_segment_end__ = 0x80000000
                0x0000000000000000                __NAND_segment_size__ = 0x0
                0x0000000090000000                __QUADSPI_FLASH_segment_start__ = 0x90000000
                0x0000000090800000                __QUADSPI_FLASH_segment_end__ = 0x90800000
                0x0000000000800000                __QUADSPI_FLASH_segment_size__ = 0x800000
                0x00000000a0000000                __FMC_segment_start__ = 0xa0000000
                0x00000000a0001000                __FMC_segment_end__ = 0xa0001000
                0x0000000000001000                __FMC_segment_size__ = 0x1000
                0x00000000a0001000                __QUADSPI_segment_start__ = 0xa0001000
                0x00000000a0001400                __QUADSPI_segment_end__ = 0xa0001400
                0x0000000000000400                __QUADSPI_segment_size__ = 0x400
                0x00000000c0000000                __SDRAM1_segment_start__ = 0xc0000000
                0x00000000c0000000                __SDRAM1_segment_end__ = 0xc0000000
                0x0000000000000000                __SDRAM1_segment_size__ = 0x0
                0x00000000d0000000                __SDRAM2_segment_start__ = 0xd0000000
                0x00000000d0000000                __SDRAM2_segment_end__ = 0xd0000000
                0x0000000000000000                __SDRAM2_segment_size__ = 0x0
                0x00000000e0000000                __PPB_segment_start__ = 0xe0000000
                0x00000000e0100000                __PPB_segment_end__ = 0xe0100000
                0x0000000000100000                __PPB_segment_size__ = 0x100000
                0x00000000e0042000                __DBG_segment_start__ = 0xe0042000
                0x00000000e0042010                __DBG_segment_end__ = 0xe0042010
                0x0000000000000010                __DBG_segment_size__ = 0x10
                0x0000000000007fff                __HEAPSIZE__ = 0x7fff
                0x0000000000000000                __STACKSIZE_ABT__ = 0x0
                0x0000000000000000                __STACKSIZE_FIQ__ = 0x0
                0x0000000000000000                __STACKSIZE_IRQ__ = 0x0
                0x0000000000000000                __STACKSIZE_PROCESS__ = 0x0
                0x0000000000000000                __STACKSIZE_SVC__ = 0x0
                0x0000000000000000                __STACKSIZE_UND__ = 0x0
                0x0000000000002000                __STACKSIZE__ = 0x2000
                0x0000000090000000                __qspi_load_start__ = ALIGN (__QUADSPI_FLASH_segment_start__, 0x4)

.qspi           0x0000000090000000      0xdf7
                0x0000000090000000                __qspi_start__ = .
 *(.qspi .qspi.*)
 .qspi          0x0000000090000000      0xdf7 qspi_issue THUMB Debug/httpROMFSdata.o
                0x0000000090000000                yaROMFSDAT
                0x0000000090000df7                __qspi_end__ = (__qspi_start__ + SIZEOF (.qspi))
                0x0000000000000df7                __qspi_size__ = SIZEOF (.qspi)
                0x0000000090000df7                __qspi_load_end__ = __qspi_end__
                0x0000000090000df7                __QUADSPI_FLASH_segment_used_end__ = (ALIGN (__QUADSPI_FLASH_segment_start__, 0x4) + SIZEOF (.qspi))
                0x0000000000000df7                __QUADSPI_FLASH_segment_used_size__ = (__QUADSPI_FLASH_segment_used_end__ - __QUADSPI_FLASH_segment_start__)
                0x0000000000000001                . = ASSERT (((__qspi_start__ == __qspi_end__) || ((__qspi_end__ - __QUADSPI_FLASH_segment_start__) <= __QUADSPI_FLASH_segment_size__)), error: .qspi is too large to fit in QUADSPI_FLASH memory segment)
                0x0000000008017ff0                __bootloader_ver_load_start__ = ALIGN (__BOOTVER_segment_start__, 0x4)

.bootloader_ver
                0x0000000008017ff0        0x0
                0x0000000008017ff0                __bootloader_ver_start__ = .
 *(.bootloader_ver .bootloader_ver.*)
                0x0000000008017ff0                __bootloader_ver_end__ = (__bootloader_ver_start__ + SIZEOF (.bootloader_ver))
                0x0000000000000000                __bootloader_ver_size__ = SIZEOF (.bootloader_ver)
                0x0000000008017ff0                __bootloader_ver_load_end__ = __bootloader_ver_end__
                0x0000000008017ff0                __BOOTVER_segment_used_end__ = (ALIGN (__BOOTVER_segment_start__, 0x4) + SIZEOF (.bootloader_ver))
                0x0000000000000000                __BOOTVER_segment_used_size__ = (__BOOTVER_segment_used_end__ - __BOOTVER_segment_start__)
                0x0000000000000001                . = ASSERT (((__bootloader_ver_start__ == __bootloader_ver_end__) || ((__bootloader_ver_end__ - __BOOTVER_segment_start__) <= __BOOTVER_segment_size__)), error: .bootloader_ver is too large to fit in BOOTVER memory segment)
                0x00000000081fff00                __bootloader_mem_load_start__ = ALIGN (__BOOTMEM_segment_start__, 0x4)

.bootloader_mem
                0x00000000081fff00        0x0
                0x00000000081fff00                __bootloader_mem_start__ = .
 *(.bootloader_mem .bootloader_mem.*)
                0x00000000081fff00                __bootloader_mem_end__ = (__bootloader_mem_start__ + SIZEOF (.bootloader_mem))
                0x0000000000000000                __bootloader_mem_size__ = SIZEOF (.bootloader_mem)
                0x00000000081fff00                __bootloader_mem_load_end__ = __bootloader_mem_end__
                0x00000000081fff00                __BOOTMEM_segment_used_end__ = (ALIGN (__BOOTMEM_segment_start__, 0x4) + SIZEOF (.bootloader_mem))
                0x0000000000000000                __BOOTMEM_segment_used_size__ = (__BOOTMEM_segment_used_end__ - __BOOTMEM_segment_start__)
                0x0000000000000001                . = ASSERT (((__bootloader_mem_start__ == __bootloader_mem_end__) || ((__bootloader_mem_end__ - __BOOTMEM_segment_start__) <= __BOOTMEM_segment_size__)), error: .bootloader_mem is too large to fit in BOOTMEM memory segment)
                0x0000000020000000                __vectors_ram_load_start__ = ALIGN (__RAM_segment_start__, 0x100)

.vectors_ram    0x0000000020000000        0x0
                0x0000000020000000                __vectors_ram_start__ = .
 *(.vectors_ram .vectors_ram.*)
                0x0000000020000000                __vectors_ram_end__ = (__vectors_ram_start__ + SIZEOF (.vectors_ram))
                0x0000000000000000                __vectors_ram_size__ = SIZEOF (.vectors_ram)
                0x0000000020000000                __vectors_ram_load_end__ = __vectors_ram_end__
                0x0000000000000001                . = ASSERT (((__vectors_ram_start__ == __vectors_ram_end__) || ((__vectors_ram_end__ - __RAM_segment_start__) <= __RAM_segment_size__)), error: .vectors_ram is too large to fit in RAM memory segment)
                0x0000000020000000                __first_data_load_start__ = ALIGN (__vectors_ram_end__, 0x40)

.first_data     0x0000000020000000        0x0
                0x0000000020000000                __first_data_start__ = .
 *(.first_data .first_data.*)
                0x0000000020000000                __first_data_end__ = (__first_data_start__ + SIZEOF (.first_data))
                0x0000000000000000                __first_data_size__ = SIZEOF (.first_data)
                0x0000000020000000                __first_data_load_end__ = __first_data_end__
                0x0000000000000001                . = ASSERT (((__first_data_start__ == __first_data_end__) || ((__first_data_end__ - __RAM_segment_start__) <= __RAM_segment_size__)), error: .first_data is too large to fit in RAM memory segment)
                0x0000000008000000                __vectors_load_start__ = ALIGN (__FLASH_segment_start__, 0x100)

.vectors        0x0000000008000000      0x1f8
                0x0000000008000000                __vectors_start__ = .
 *(.vectors .vectors.*)
 .vectors       0x0000000008000000      0x1f8 qspi_issue THUMB Debug/STM32_Startup.o
                0x0000000008000000                _vectors
                0x00000000080001f8                __vectors_end__ = (__vectors_start__ + SIZEOF (.vectors))
                0x00000000000001f8                __vectors_size__ = SIZEOF (.vectors)
                0x00000000080001f8                __vectors_load_end__ = __vectors_end__
                0x0000000000000001                . = ASSERT (((__vectors_start__ == __vectors_end__) || ((__vectors_end__ - __FLASH_segment_start__) <= __FLASH_segment_size__)), error: .vectors is too large to fit in FLASH memory segment)
                0x00000000080001f8                __init_load_start__ = ALIGN (__vectors_end__, 0x4)

.init           0x00000000080001f8      0x2a0
                0x00000000080001f8                __init_start__ = .
 *(.init .init.*)
 .init          0x00000000080001f8      0x154 qspi_issue THUMB Debug/thumb_crt0.o
                0x00000000080001f8                _start
                0x00000000080002a8                exit
 .init          0x000000000800034c      0x14c qspi_issue THUMB Debug/STM32_Startup.o
                0x000000000800035e                WWDG_IRQHandler
                0x0000000008000360                PVD_IRQHandler
                0x0000000008000362                TAMP_STAMP_IRQHandler
                0x0000000008000364                RTC_WKUP_IRQHandler
                0x0000000008000366                FLASH_IRQHandler
                0x0000000008000368                RCC_IRQHandler
                0x000000000800036a                EXTI0_IRQHandler
                0x000000000800036c                EXTI1_IRQHandler
                0x000000000800036e                EXTI2_IRQHandler
                0x0000000008000370                EXTI3_IRQHandler
                0x0000000008000372                EXTI4_IRQHandler
                0x0000000008000374                DMA1_Stream0_IRQHandler
                0x0000000008000376                DMA1_Stream1_IRQHandler
                0x0000000008000378                DMA1_Stream2_IRQHandler
                0x000000000800037a                DMA1_Stream3_IRQHandler
                0x000000000800037c                DMA1_Stream4_IRQHandler
                0x000000000800037e                DMA1_Stream5_IRQHandler
                0x0000000008000380                DMA1_Stream6_IRQHandler
                0x0000000008000382                ADC_IRQHandler
                0x0000000008000384                CAN1_TX_IRQHandler
                0x0000000008000386                CAN1_RX0_IRQHandler
                0x0000000008000388                CAN1_RX1_IRQHandler
                0x000000000800038a                CAN1_SCE_IRQHandler
                0x000000000800038c                EXTI9_5_IRQHandler
                0x000000000800038e                TIM1_BRK_TIM9_IRQHandler
                0x0000000008000390                TIM1_UP_TIM10_IRQHandler
                0x0000000008000392                TIM1_TRG_COM_TIM11_IRQHandler
                0x0000000008000394                TIM1_CC_IRQHandler
                0x0000000008000396                TIM2_IRQHandler
                0x0000000008000398                TIM3_IRQHandler
                0x000000000800039a                TIM4_IRQHandler
                0x000000000800039c                I2C1_EV_IRQHandler
                0x000000000800039e                I2C1_ER_IRQHandler
                0x00000000080003a0                I2C2_EV_IRQHandler
                0x00000000080003a2                I2C2_ER_IRQHandler
                0x00000000080003a4                SPI1_IRQHandler
                0x00000000080003a6                SPI2_IRQHandler
                0x00000000080003a8                USART1_IRQHandler
                0x00000000080003aa                USART2_IRQHandler
                0x00000000080003ac                USART3_IRQHandler
                0x00000000080003ae                EXTI15_10_IRQHandler
                0x00000000080003b0                RTC_Alarm_IRQHandler
                0x00000000080003b2                OTG_FS_WKUP_IRQHandler
                0x00000000080003b4                TIM8_BRK_TIM12_IRQHandler
                0x00000000080003b6                TIM8_UP_TIM13_IRQHandler
                0x00000000080003b8                TIM8_TRG_COM_TIM14_IRQHandler
                0x00000000080003ba                TIM8_CC_IRQHandler
                0x00000000080003bc                DMA1_Stream7_IRQHandler
                0x00000000080003be                FMC_IRQHandler
                0x00000000080003c0                SDMMC1_IRQHandler
                0x00000000080003c2                TIM5_IRQHandler
                0x00000000080003c4                SPI3_IRQHandler
                0x00000000080003c6                UART4_IRQHandler
                0x00000000080003c8                UART5_IRQHandler
                0x00000000080003ca                TIM6_DAC_IRQHandler
                0x00000000080003ce                DMA2_Stream0_IRQHandler
                0x00000000080003d0                DMA2_Stream1_IRQHandler
                0x00000000080003d4                DMA2_Stream3_IRQHandler
                0x00000000080003d6                DMA2_Stream4_IRQHandler
                0x00000000080003d8                ETH_IRQHandler
                0x00000000080003da                ETH_WKUP_IRQHandler
                0x00000000080003dc                CAN2_TX_IRQHandler
                0x00000000080003de                CAN2_RX0_IRQHandler
                0x00000000080003e0                CAN2_RX1_IRQHandler
                0x00000000080003e2                CAN2_SCE_IRQHandler
                0x00000000080003e4                OTG_FS_IRQHandler
                0x00000000080003e6                DMA2_Stream5_IRQHandler
                0x00000000080003e8                DMA2_Stream6_IRQHandler
                0x00000000080003ea                DMA2_Stream7_IRQHandler
                0x00000000080003ec                USART6_IRQHandler
                0x00000000080003ee                I2C3_EV_IRQHandler
                0x00000000080003f0                I2C3_ER_IRQHandler
                0x00000000080003f2                OTG_HS_EP1_OUT_IRQHandler
                0x00000000080003f4                OTG_HS_EP1_IN_IRQHandler
                0x00000000080003f6                OTG_HS_WKUP_IRQHandler
                0x00000000080003f8                OTG_HS_IRQHandler
                0x00000000080003fa                DCMI_IRQHandler
                0x00000000080003fc                RNG_IRQHandler
                0x00000000080003fe                FPU_IRQHandler
                0x0000000008000400                UART7_IRQHandler
                0x0000000008000402                UART8_IRQHandler
                0x0000000008000404                SPI4_IRQHandler
                0x0000000008000406                SPI5_IRQHandler
                0x0000000008000408                SPI6_IRQHandler
                0x000000000800040a                SAI1_IRQHandler
                0x000000000800040c                LTDC_IRQHandler
                0x000000000800040e                LTDC_ER_IRQHandler
                0x0000000008000410                DMA2D_IRQHandler
                0x0000000008000412                SAI2_IRQHandler
                0x0000000008000416                LPTIM1_IRQHandler
                0x0000000008000418                CEC_IRQHandler
                0x000000000800041a                I2C4_EV_IRQHandler
                0x000000000800041c                I2C4_ER_IRQHandler
                0x000000000800041e                SPDIF_RX_IRQHandler
                0x0000000008000420                DSI_IRQHandler
                0x0000000008000422                DFSDM1_FLT0_IRQHandler
                0x0000000008000424                DFSDM1_FLT1_IRQHandler
                0x0000000008000426                DFSDM1_FLT2_IRQHandler
                0x0000000008000428                DFSDM1_FLT3_IRQHandler
                0x000000000800042a                SDMMC2_IRQHandler
                0x000000000800042c                CAN3_TX_IRQHandler
                0x000000000800042e                CAN3_RX0_IRQHandler
                0x0000000008000430                CAN3_RX1_IRQHandler
                0x0000000008000432                CAN3_SCE_IRQHandler
                0x0000000008000434                JPEG_IRQHandler
                0x0000000008000436                MDIOS_IRQHandler
                0x0000000008000438                reset_handler
                0x0000000008000498                __init_end__ = (__init_start__ + SIZEOF (.init))
                0x00000000000002a0                __init_size__ = SIZEOF (.init)
                0x0000000008000498                __init_load_end__ = __init_end__
                0x0000000000000001                . = ASSERT (((__init_start__ == __init_end__) || ((__init_end__ - __FLASH_segment_start__) <= __FLASH_segment_size__)), error: .init is too large to fit in FLASH memory segment)
                0x0000000008000498                __init_rodata_load_start__ = ALIGN (__init_end__, 0x4)

.init_rodata    0x0000000008000498        0x0
                0x0000000008000498                __init_rodata_start__ = .
 *(.init_rodata .init_rodata.*)
                0x0000000008000498                __init_rodata_end__ = (__init_rodata_start__ + SIZEOF (.init_rodata))
                0x0000000000000000                __init_rodata_size__ = SIZEOF (.init_rodata)
                0x0000000008000498                __init_rodata_load_end__ = __init_rodata_end__
                0x0000000000000001                . = ASSERT (((__init_rodata_start__ == __init_rodata_end__) || ((__init_rodata_end__ - __FLASH_segment_start__) <= __FLASH_segment_size__)), error: .init_rodata is too large to fit in FLASH memory segment)
                0x0000000008000498                __text_load_start__ = ALIGN (__init_rodata_end__, 0x4)

.text           0x0000000008000498     0x4a50
                0x0000000008000498                __text_start__ = .
 *(.text .text.* .glue_7t .glue_7 .gnu.linkonce.t.* .gcc_except_table .ARM.extab* .gnu.linkonce.armextab.*)
 .glue_7        0x0000000008000498        0x0 linker stubs
 .glue_7t       0x0000000008000498        0x0 linker stubs
 .text.testQSPI
                0x0000000008000498       0x60 qspi_issue THUMB Debug/main.o
                0x0000000008000498                testQSPI
 .text.__debug_io_lock
                0x00000000080004f8       0x20 qspi_issue THUMB Debug/main.o
                0x00000000080004f8                __debug_io_lock
 .text.__debug_io_unlock
                0x0000000008000518       0x20 qspi_issue THUMB Debug/main.o
                0x0000000008000518                __debug_io_unlock
 .text.vApplicationIdleHook
                0x0000000008000538        0xa qspi_issue THUMB Debug/main.o
                0x0000000008000538                vApplicationIdleHook
 .text.vAssertCalled
                0x0000000008000542       0x22 qspi_issue THUMB Debug/main.o
                0x0000000008000542                vAssertCalled
 .text.main     0x0000000008000564       0x78 qspi_issue THUMB Debug/main.o
                0x0000000008000564                main
 .text.vApplicationMallocFailedHook
                0x00000000080005dc       0x10 qspi_issue THUMB Debug/main.o
                0x00000000080005dc                vApplicationMallocFailedHook
 .text.vApplicationStackOverflowHook
                0x00000000080005ec       0x10 qspi_issue THUMB Debug/main.o
                0x00000000080005ec                vApplicationStackOverflowHook
 .text.HAL_Init
                0x00000000080005fc       0x2c qspi_issue THUMB Debug/stm32f7xx_hal.o
                0x00000000080005fc                HAL_Init
 .text.HAL_IncTick
                0x0000000008000628       0x18 qspi_issue THUMB Debug/stm32f7xx_hal.o
                0x0000000008000628                HAL_IncTick
 .text.HAL_GetTick
                0x0000000008000640        0xc qspi_issue THUMB Debug/stm32f7xx_hal.o
                0x0000000008000640                HAL_GetTick
 .text.HAL_Delay
                0x000000000800064c       0x28 qspi_issue THUMB Debug/stm32f7xx_hal.o
                0x000000000800064c                HAL_Delay
 .text.HAL_NVIC_SetPriorityGrouping
                0x0000000008000674       0x24 qspi_issue THUMB Debug/stm32f7xx_hal_cortex.o
                0x0000000008000674                HAL_NVIC_SetPriorityGrouping
 .text.HAL_NVIC_SetPriority
                0x0000000008000698       0x60 qspi_issue THUMB Debug/stm32f7xx_hal_cortex.o
                0x0000000008000698                HAL_NVIC_SetPriority
 .text.HAL_NVIC_EnableIRQ
                0x00000000080006f8       0x1c qspi_issue THUMB Debug/stm32f7xx_hal_cortex.o
                0x00000000080006f8                HAL_NVIC_EnableIRQ
 .text.HAL_MPU_Disable
                0x0000000008000714       0x20 qspi_issue THUMB Debug/stm32f7xx_hal_cortex.o
                0x0000000008000714                HAL_MPU_Disable
 .text.HAL_MPU_Enable
                0x0000000008000734       0x24 qspi_issue THUMB Debug/stm32f7xx_hal_cortex.o
                0x0000000008000734                HAL_MPU_Enable
 .text.HAL_MPU_ConfigRegion
                0x0000000008000758       0x54 qspi_issue THUMB Debug/stm32f7xx_hal_cortex.o
                0x0000000008000758                HAL_MPU_ConfigRegion
 .text.QSPI_WaitFlagStateUntilTimeout
                0x00000000080007ac       0x50 qspi_issue THUMB Debug/stm32f7xx_hal_qspi.o
 .text.HAL_QSPI_Init
                0x00000000080007fc       0xc0 qspi_issue THUMB Debug/stm32f7xx_hal_qspi.o
                0x00000000080007fc                HAL_QSPI_Init
 .text.HAL_RCC_GetPCLK1Freq
                0x00000000080008bc       0x20 qspi_issue THUMB Debug/stm32f7xx_hal_rcc.o
                0x00000000080008bc                HAL_RCC_GetPCLK1Freq
 .text.HAL_RCC_GetClockConfig
                0x00000000080008dc       0x3c qspi_issue THUMB Debug/stm32f7xx_hal_rcc.o
                0x00000000080008dc                HAL_RCC_GetClockConfig
 .text.HAL_SDRAM_Init
                0x0000000008000918       0x40 qspi_issue THUMB Debug/stm32f7xx_hal_sdram.o
                0x0000000008000918                HAL_SDRAM_Init
 .text.HAL_SDRAM_SendCommand
                0x0000000008000958       0x2e qspi_issue THUMB Debug/stm32f7xx_hal_sdram.o
                0x0000000008000958                HAL_SDRAM_SendCommand
 .text.HAL_TIM_Base_MspInit
                0x0000000008000986        0x2 qspi_issue THUMB Debug/stm32f7xx_hal_tim.o
                0x0000000008000986                HAL_TIM_Base_MspInit
 .text.HAL_TIM_Base_Start_IT
                0x0000000008000988       0x2c qspi_issue THUMB Debug/stm32f7xx_hal_tim.o
                0x0000000008000988                HAL_TIM_Base_Start_IT
 .text.HAL_TIM_OC_DelayElapsedCallback
                0x00000000080009b4        0x2 qspi_issue THUMB Debug/stm32f7xx_hal_tim.o
                0x00000000080009b4                HAL_TIM_OC_DelayElapsedCallback
 .text.HAL_TIM_IC_CaptureCallback
                0x00000000080009b6        0x2 qspi_issue THUMB Debug/stm32f7xx_hal_tim.o
                0x00000000080009b6                HAL_TIM_IC_CaptureCallback
 .text.HAL_TIM_PWM_PulseFinishedCallback
                0x00000000080009b8        0x2 qspi_issue THUMB Debug/stm32f7xx_hal_tim.o
                0x00000000080009b8                HAL_TIM_PWM_PulseFinishedCallback
 .text.HAL_TIM_TriggerCallback
                0x00000000080009ba        0x2 qspi_issue THUMB Debug/stm32f7xx_hal_tim.o
                0x00000000080009ba                HAL_TIM_TriggerCallback
 .text.HAL_TIM_IRQHandler
                0x00000000080009bc      0x19a qspi_issue THUMB Debug/stm32f7xx_hal_tim.o
                0x00000000080009bc                HAL_TIM_IRQHandler
 *fill*         0x0000000008000b56        0x2 
 .text.TIM_Base_SetConfig
                0x0000000008000b58       0xe8 qspi_issue THUMB Debug/stm32f7xx_hal_tim.o
                0x0000000008000b58                TIM_Base_SetConfig
 .text.HAL_TIM_Base_Init
                0x0000000008000c40       0x34 qspi_issue THUMB Debug/stm32f7xx_hal_tim.o
                0x0000000008000c40                HAL_TIM_Base_Init
 .text.HAL_TIMEx_CommutCallback
                0x0000000008000c74        0x2 qspi_issue THUMB Debug/stm32f7xx_hal_tim_ex.o
                0x0000000008000c74                HAL_TIMEx_CommutCallback
 .text.HAL_TIMEx_BreakCallback
                0x0000000008000c76        0x2 qspi_issue THUMB Debug/stm32f7xx_hal_tim_ex.o
                0x0000000008000c76                HAL_TIMEx_BreakCallback
 .text.HAL_TIMEx_Break2Callback
                0x0000000008000c78        0x2 qspi_issue THUMB Debug/stm32f7xx_hal_tim_ex.o
                0x0000000008000c78                HAL_TIMEx_Break2Callback
 *fill*         0x0000000008000c7a        0x2 
 .text.LL_EXTI_Init
                0x0000000008000c7c       0xd8 qspi_issue THUMB Debug/stm32f7xx_ll_exti.o
                0x0000000008000c7c                LL_EXTI_Init
 .text.FMC_SDRAM_Init
                0x0000000008000d54       0x78 qspi_issue THUMB Debug/stm32f7xx_ll_fmc.o
                0x0000000008000d54                FMC_SDRAM_Init
 .text.FMC_SDRAM_Timing_Init
                0x0000000008000dcc       0x9c qspi_issue THUMB Debug/stm32f7xx_ll_fmc.o
                0x0000000008000dcc                FMC_SDRAM_Timing_Init
 .text.FMC_SDRAM_SendCommand
                0x0000000008000e68       0x2c qspi_issue THUMB Debug/stm32f7xx_ll_fmc.o
                0x0000000008000e68                FMC_SDRAM_SendCommand
 .text.LL_GPIO_Init
                0x0000000008000e94      0x1a2 qspi_issue THUMB Debug/stm32f7xx_ll_gpio.o
                0x0000000008000e94                LL_GPIO_Init
 *fill*         0x0000000008001036        0x2 
 .text.LL_I2C_Init
                0x0000000008001038       0x70 qspi_issue THUMB Debug/stm32f7xx_ll_i2c.o
                0x0000000008001038                LL_I2C_Init
 .text.RCC_GetHCLKClockFreq
                0x00000000080010a8       0x18 qspi_issue THUMB Debug/stm32f7xx_ll_rcc.o
                0x00000000080010a8                RCC_GetHCLKClockFreq
 .text.RCC_GetPCLK1ClockFreq
                0x00000000080010c0       0x18 qspi_issue THUMB Debug/stm32f7xx_ll_rcc.o
                0x00000000080010c0                RCC_GetPCLK1ClockFreq
 .text.RCC_GetPCLK2ClockFreq
                0x00000000080010d8       0x18 qspi_issue THUMB Debug/stm32f7xx_ll_rcc.o
                0x00000000080010d8                RCC_GetPCLK2ClockFreq
 .text.RCC_PLL_GetFreqDomain_SYS
                0x00000000080010f0       0x44 qspi_issue THUMB Debug/stm32f7xx_ll_rcc.o
                0x00000000080010f0                RCC_PLL_GetFreqDomain_SYS
 .text.RCC_GetSystemClockFreq
                0x0000000008001134       0x2c qspi_issue THUMB Debug/stm32f7xx_ll_rcc.o
                0x0000000008001134                RCC_GetSystemClockFreq
 .text.LL_RCC_GetUSARTClockFreq
                0x0000000008001160      0x184 qspi_issue THUMB Debug/stm32f7xx_ll_rcc.o
                0x0000000008001160                LL_RCC_GetUSARTClockFreq
 .text.LL_RCC_GetUARTClockFreq
                0x00000000080012e4      0x18c qspi_issue THUMB Debug/stm32f7xx_ll_rcc.o
                0x00000000080012e4                LL_RCC_GetUARTClockFreq
 .text.LL_USART_Init
                0x0000000008001470      0x128 qspi_issue THUMB Debug/stm32f7xx_ll_usart.o
                0x0000000008001470                LL_USART_Init
 .text.LL_SetSystemCoreClock
                0x0000000008001598        0xc qspi_issue THUMB Debug/stm32f7xx_ll_utils.o
                0x0000000008001598                LL_SetSystemCoreClock
 .text.LL_SPI_Init
                0x00000000080015a4       0x78 qspi_issue THUMB Debug/stm32f7xx_ll_spi.o
                0x00000000080015a4                LL_SPI_Init
 .text.vListInitialise
                0x000000000800161c       0x16 qspi_issue THUMB Debug/list.o
                0x000000000800161c                vListInitialise
 .text.vListInitialiseItem
                0x0000000008001632        0x6 qspi_issue THUMB Debug/list.o
                0x0000000008001632                vListInitialiseItem
 .text.vListInsertEnd
                0x0000000008001638       0x16 qspi_issue THUMB Debug/list.o
                0x0000000008001638                vListInsertEnd
 .text.vListInsert
                0x000000000800164e       0x32 qspi_issue THUMB Debug/list.o
                0x000000000800164e                vListInsert
 .text.uxListRemove
                0x0000000008001680       0x26 qspi_issue THUMB Debug/list.o
                0x0000000008001680                uxListRemove
 .text.prvIsQueueEmpty
                0x00000000080016a6       0x16 qspi_issue THUMB Debug/queue.o
 .text.prvCopyDataToQueue
                0x00000000080016bc       0x72 qspi_issue THUMB Debug/queue.o
 *fill*         0x000000000800172e        0x2 
 .text.prvNotifyQueueSetContainer
                0x0000000008001730       0x78 qspi_issue THUMB Debug/queue.o
 .text.prvCopyDataFromQueue
                0x00000000080017a8       0x24 qspi_issue THUMB Debug/queue.o
 .text.prvUnlockQueue
                0x00000000080017cc       0x8e qspi_issue THUMB Debug/queue.o
 *fill*         0x000000000800185a        0x2 
 .text.xQueueGenericReset
                0x000000000800185c       0x84 qspi_issue THUMB Debug/queue.o
                0x000000000800185c                xQueueGenericReset
 .text.xQueueGenericCreate
                0x00000000080018e0       0x4c qspi_issue THUMB Debug/queue.o
                0x00000000080018e0                xQueueGenericCreate
 .text.xQueueGenericSend
                0x000000000800192c      0x1b4 qspi_issue THUMB Debug/queue.o
                0x000000000800192c                xQueueGenericSend
 .text.xQueueCreateMutex
                0x0000000008001ae0       0x24 qspi_issue THUMB Debug/queue.o
                0x0000000008001ae0                xQueueCreateMutex
 .text.xQueueGenericSendFromISR
                0x0000000008001b04       0xe0 qspi_issue THUMB Debug/queue.o
                0x0000000008001b04                xQueueGenericSendFromISR
 .text.xQueueReceive
                0x0000000008001be4      0x154 qspi_issue THUMB Debug/queue.o
                0x0000000008001be4                xQueueReceive
 .text.xQueueSemaphoreTake
                0x0000000008001d38      0x198 qspi_issue THUMB Debug/queue.o
                0x0000000008001d38                xQueueSemaphoreTake
 .text.xQueuePeek
                0x0000000008001ed0      0x150 qspi_issue THUMB Debug/queue.o
                0x0000000008001ed0                xQueuePeek
 .text.vQueueAddToRegistry
                0x0000000008002020       0x2c qspi_issue THUMB Debug/queue.o
                0x0000000008002020                vQueueAddToRegistry
 .text.vQueueWaitForMessageRestricted
                0x000000000800204c       0x52 qspi_issue THUMB Debug/queue.o
                0x000000000800204c                vQueueWaitForMessageRestricted
 *fill*         0x000000000800209e        0x2 
 .text.prvResetNextTaskUnblockTime
                0x00000000080020a0       0x2c qspi_issue THUMB Debug/tasks.o
 .text.prvAddCurrentTaskToDelayedList
                0x00000000080020cc       0x94 qspi_issue THUMB Debug/tasks.o
 .text.prvIdleTask
                0x0000000008002160       0x74 qspi_issue THUMB Debug/tasks.o
 .text.xTaskCreate
                0x00000000080021d4      0x1d0 qspi_issue THUMB Debug/tasks.o
                0x00000000080021d4                xTaskCreate
 .text.vTaskStartScheduler
                0x00000000080023a4       0x84 qspi_issue THUMB Debug/tasks.o
                0x00000000080023a4                vTaskStartScheduler
 .text.vTaskSuspendAll
                0x0000000008002428       0x10 qspi_issue THUMB Debug/tasks.o
                0x0000000008002428                vTaskSuspendAll
 .text.xTaskGetTickCount
                0x0000000008002438        0xc qspi_issue THUMB Debug/tasks.o
                0x0000000008002438                xTaskGetTickCount
 .text.xTaskIncrementTick
                0x0000000008002444      0x134 qspi_issue THUMB Debug/tasks.o
                0x0000000008002444                xTaskIncrementTick
 .text.xTaskResumeAll
                0x0000000008002578      0x104 qspi_issue THUMB Debug/tasks.o
                0x0000000008002578                xTaskResumeAll
 .text.vTaskDelay
                0x000000000800267c       0x48 qspi_issue THUMB Debug/tasks.o
                0x000000000800267c                vTaskDelay
 .text.vTaskSwitchContext
                0x00000000080026c4       0xec qspi_issue THUMB Debug/tasks.o
                0x00000000080026c4                vTaskSwitchContext
 .text.vTaskPlaceOnEventList
                0x00000000080027b0       0x34 qspi_issue THUMB Debug/tasks.o
                0x00000000080027b0                vTaskPlaceOnEventList
 .text.vTaskPlaceOnEventListRestricted
                0x00000000080027e4       0x3c qspi_issue THUMB Debug/tasks.o
                0x00000000080027e4                vTaskPlaceOnEventListRestricted
 .text.xTaskRemoveFromEventList
                0x0000000008002820       0x88 qspi_issue THUMB Debug/tasks.o
                0x0000000008002820                xTaskRemoveFromEventList
 .text.vTaskInternalSetTimeOutState
                0x00000000080028a8       0x18 qspi_issue THUMB Debug/tasks.o
                0x00000000080028a8                vTaskInternalSetTimeOutState
 .text.xTaskCheckForTimeOut
                0x00000000080028c0       0x7c qspi_issue THUMB Debug/tasks.o
                0x00000000080028c0                xTaskCheckForTimeOut
 .text.vTaskMissedYield
                0x000000000800293c        0xc qspi_issue THUMB Debug/tasks.o
                0x000000000800293c                vTaskMissedYield
 .text.xTaskGetCurrentTaskHandle
                0x0000000008002948        0xc qspi_issue THUMB Debug/tasks.o
                0x0000000008002948                xTaskGetCurrentTaskHandle
 .text.xTaskGetSchedulerState
                0x0000000008002954       0x20 qspi_issue THUMB Debug/tasks.o
                0x0000000008002954                xTaskGetSchedulerState
 .text.xTaskPriorityInherit
                0x0000000008002974       0xb8 qspi_issue THUMB Debug/tasks.o
                0x0000000008002974                xTaskPriorityInherit
 .text.xTaskPriorityDisinherit
                0x0000000008002a2c       0xa8 qspi_issue THUMB Debug/tasks.o
                0x0000000008002a2c                xTaskPriorityDisinherit
 .text.vTaskPriorityDisinheritAfterTimeout
                0x0000000008002ad4       0xc0 qspi_issue THUMB Debug/tasks.o
                0x0000000008002ad4                vTaskPriorityDisinheritAfterTimeout
 .text.pvTaskIncrementMutexHeldCount
                0x0000000008002b94       0x1c qspi_issue THUMB Debug/tasks.o
                0x0000000008002b94                pvTaskIncrementMutexHeldCount
 .text.ulTaskNotifyTake
                0x0000000008002bb0       0x78 qspi_issue THUMB Debug/tasks.o
                0x0000000008002bb0                ulTaskNotifyTake
 .text.xTaskGenericNotify
                0x0000000008002c28       0xe8 qspi_issue THUMB Debug/tasks.o
                0x0000000008002c28                xTaskGenericNotify
 .text.vTaskNotifyGiveFromISR
                0x0000000008002d10       0xc8 qspi_issue THUMB Debug/tasks.o
                0x0000000008002d10                vTaskNotifyGiveFromISR
 .text.prvInsertTimerInActiveList
                0x0000000008002dd8       0x48 qspi_issue THUMB Debug/timers.o
 .text.prvCheckForValidListAndQueue
                0x0000000008002e20       0x5c qspi_issue THUMB Debug/timers.o
 .text.xTimerCreateTimerTask
                0x0000000008002e7c       0x4c qspi_issue THUMB Debug/timers.o
                0x0000000008002e7c                xTimerCreateTimerTask
 .text.xTimerGenericCommand
                0x0000000008002ec8       0x60 qspi_issue THUMB Debug/timers.o
                0x0000000008002ec8                xTimerGenericCommand
 .text.prvSampleTimeNow
                0x0000000008002f28       0xb0 qspi_issue THUMB Debug/timers.o
 .text.prvTimerTask
                0x0000000008002fd8      0x1f0 qspi_issue THUMB Debug/timers.o
 .text.pvPortMalloc
                0x00000000080031c8       0x14 qspi_issue THUMB Debug/heap_6.o
                0x00000000080031c8                pvPortMalloc
 .text.vPortFree
                0x00000000080031dc        0xc qspi_issue THUMB Debug/heap_6.o
                0x00000000080031dc                vPortFree
 .text.prvPortStartFirstTask
                0x00000000080031e8       0x28 qspi_issue THUMB Debug/port.o
 .text.vPortEnableVFP
                0x0000000008003210       0x14 qspi_issue THUMB Debug/port.o
 .text.prvTaskExitError
                0x0000000008003224       0x44 qspi_issue THUMB Debug/port.o
 .text.pxPortInitialiseStack
                0x0000000008003268       0x2c qspi_issue THUMB Debug/port.o
                0x0000000008003268                pxPortInitialiseStack
 *fill*         0x0000000008003294        0xc 
 .text.SVC_Handler
                0x00000000080032a0       0x24 qspi_issue THUMB Debug/port.o
                0x00000000080032a0                SVC_Handler
 .text.vPortEnterCritical
                0x00000000080032c4       0x48 qspi_issue THUMB Debug/port.o
                0x00000000080032c4                vPortEnterCritical
 .text.vPortExitCritical
                0x000000000800330c       0x2c qspi_issue THUMB Debug/port.o
                0x000000000800330c                vPortExitCritical
 *fill*         0x0000000008003338        0x8 
 .text.PendSV_Handler
                0x0000000008003340       0x64 qspi_issue THUMB Debug/port.o
                0x0000000008003340                PendSV_Handler
 .text.SysTick_Handler
                0x00000000080033a4       0x30 qspi_issue THUMB Debug/port.o
                0x00000000080033a4                SysTick_Handler
 .text.vPortSetupTimerInterrupt
                0x00000000080033d4       0x28 qspi_issue THUMB Debug/port.o
                0x00000000080033d4                vPortSetupTimerInterrupt
 .text.xPortStartScheduler
                0x00000000080033fc       0xe4 qspi_issue THUMB Debug/port.o
                0x00000000080033fc                xPortStartScheduler
 .text.vPortValidateInterruptPriority
                0x00000000080034e0       0x58 qspi_issue THUMB Debug/port.o
                0x00000000080034e0                vPortValidateInterruptPriority
 .text.drvInit  0x0000000008003538       0xc4 qspi_issue THUMB Debug/drivQSPI.o
 .text.writeEnable
                0x00000000080035fc       0x20 qspi_issue THUMB Debug/drivQSPI.o
 .text.processRead
                0x000000000800361c       0xd0 qspi_issue THUMB Debug/drivQSPI.o
 .text.eraseSector
                0x00000000080036ec       0x74 qspi_issue THUMB Debug/drivQSPI.o
 .text.qspiTasks
                0x0000000008003760      0x280 qspi_issue THUMB Debug/drivQSPI.o
 .text.drivQSPIinit
                0x00000000080039e0       0x4c qspi_issue THUMB Debug/drivQSPI.o
                0x00000000080039e0                drivQSPIinit
 .text.qspiReadFlash
                0x0000000008003a2c       0x88 qspi_issue THUMB Debug/drivQSPI.o
                0x0000000008003a2c                qspiReadFlash
 .text.qspiDriverStatus
                0x0000000008003ab4        0xc qspi_issue THUMB Debug/drivQSPI.o
                0x0000000008003ab4                qspiDriverStatus
 .text.QUADSPI_IRQHandler
                0x0000000008003ac0       0xac qspi_issue THUMB Debug/drivQSPI.o
                0x0000000008003ac0                QUADSPI_IRQHandler
 .text.DMA2_Stream2_IRQHandler
                0x0000000008003b6c       0x90 qspi_issue THUMB Debug/drivQSPI.o
                0x0000000008003b6c                DMA2_Stream2_IRQHandler
 .text.initializeSystem
                0x0000000008003bfc      0x86c qspi_issue THUMB Debug/init.o
                0x0000000008003bfc                initializeSystem
 .text.MPU_Config
                0x0000000008004468       0x8e qspi_issue THUMB Debug/init.o
                0x0000000008004468                MPU_Config
 *fill*         0x00000000080044f6        0x2 
 .text.initializeMinSystem
                0x00000000080044f8      0x2c4 qspi_issue THUMB Debug/init.o
                0x00000000080044f8                initializeMinSystem
 .text.HAL_TIM_PeriodElapsedCallback
                0x00000000080047bc       0x18 qspi_issue THUMB Debug/init.o
                0x00000000080047bc                HAL_TIM_PeriodElapsedCallback
 .text.HAL_MspInit
                0x00000000080047d4        0x2 qspi_issue THUMB Debug/stm32f7xx_hal_msp.o
                0x00000000080047d4                HAL_MspInit
 *fill*         0x00000000080047d6        0x2 
 .text.HAL_QSPI_MspInit
                0x00000000080047d8       0x94 qspi_issue THUMB Debug/stm32f7xx_hal_msp.o
                0x00000000080047d8                HAL_QSPI_MspInit
 .text.HAL_SDRAM_MspInit
                0x000000000800486c       0xa0 qspi_issue THUMB Debug/stm32f7xx_hal_msp.o
                0x000000000800486c                HAL_SDRAM_MspInit
 .text.HAL_InitTick
                0x000000000800490c       0x7c qspi_issue THUMB Debug/stm32f7xx_hal_timebase_tim.o
                0x000000000800490c                HAL_InitTick
 .text.NMI_Handler
                0x0000000008004988        0x2 qspi_issue THUMB Debug/stm32f7xx_it.o
                0x0000000008004988                NMI_Handler
 *fill*         0x000000000800498a        0x2 
 .text.hard_fault_handler_c
                0x000000000800498c       0x5c qspi_issue THUMB Debug/stm32f7xx_it.o
                0x000000000800498c                hard_fault_handler_c
 .text.HardFault_Handler
                0x00000000080049e8       0x14 qspi_issue THUMB Debug/stm32f7xx_it.o
                0x00000000080049e8                HardFault_Handler
 .text.MemManage_Handler
                0x00000000080049fc        0x2 qspi_issue THUMB Debug/stm32f7xx_it.o
                0x00000000080049fc                MemManage_Handler
 .text.BusFault_Handler
                0x00000000080049fe        0x2 qspi_issue THUMB Debug/stm32f7xx_it.o
                0x00000000080049fe                BusFault_Handler
 .text.UsageFault_Handler
                0x0000000008004a00        0x2 qspi_issue THUMB Debug/stm32f7xx_it.o
                0x0000000008004a00                UsageFault_Handler
 .text.DebugMon_Handler
                0x0000000008004a02        0x2 qspi_issue THUMB Debug/stm32f7xx_it.o
                0x0000000008004a02                DebugMon_Handler
 .text.TIM7_IRQHandler
                0x0000000008004a04       0x10 qspi_issue THUMB Debug/stm32f7xx_it.o
                0x0000000008004a04                TIM7_IRQHandler
 .text.SystemInit
                0x0000000008004a14       0x50 qspi_issue THUMB Debug/system_stm32f7xx.o
                0x0000000008004a14                SystemInit
 .text.yaROMFSfind
                0x0000000008004a64       0xac qspi_issue THUMB Debug/httpROMFS.o
                0x0000000008004a64                yaROMFSfind
 .text.yaromfs_fopen
                0x0000000008004b10       0x4a qspi_issue THUMB Debug/yaRomfsCore.o
                0x0000000008004b10                yaromfs_fopen
 .text.yaromfs_fread
                0x0000000008004b5a       0x68 qspi_issue THUMB Debug/yaRomfsCore.o
                0x0000000008004b5a                yaromfs_fread
 .text.yaromfs_fclose
                0x0000000008004bc2       0x1e qspi_issue THUMB Debug/yaRomfsCore.o
                0x0000000008004bc2                yaromfs_fclose
 .text.libc.__RAL_ascii_isctype
                0x0000000008004be0       0x1c C:/Program Files/Rowley Associates Limited/CrossWorks for ARM 4.6/lib/libc_v7em_fpv5_d16_hard_t_le_eabi.a(libc2.o)
 .text.libc.__RAL_ascii_toupper
                0x0000000008004bfc        0xc C:/Program Files/Rowley Associates Limited/CrossWorks for ARM 4.6/lib/libc_v7em_fpv5_d16_hard_t_le_eabi.a(libc2.o)
 .text.libc.__RAL_ascii_tolower
                0x0000000008004c08        0xc C:/Program Files/Rowley Associates Limited/CrossWorks for ARM 4.6/lib/libc_v7em_fpv5_d16_hard_t_le_eabi.a(libc2.o)
 .text.libc.__RAL_ascii_iswctype
                0x0000000008004c14       0x1c C:/Program Files/Rowley Associates Limited/CrossWorks for ARM 4.6/lib/libc_v7em_fpv5_d16_hard_t_le_eabi.a(libc2.o)
 .text.libc.__RAL_ascii_towupper
                0x0000000008004c30        0xc C:/Program Files/Rowley Associates Limited/CrossWorks for ARM 4.6/lib/libc_v7em_fpv5_d16_hard_t_le_eabi.a(libc2.o)
 .text.libc.__RAL_ascii_towlower
                0x0000000008004c3c        0xc C:/Program Files/Rowley Associates Limited/CrossWorks for ARM 4.6/lib/libc_v7em_fpv5_d16_hard_t_le_eabi.a(libc2.o)
 .text.libc.__RAL_ascii_wctomb
                0x0000000008004c48        0xe C:/Program Files/Rowley Associates Limited/CrossWorks for ARM 4.6/lib/libc_v7em_fpv5_d16_hard_t_le_eabi.a(libc2.o)
                0x0000000008004c48                __RAL_ascii_wctomb
 .text.libc.__RAL_ascii_mbtowc
                0x0000000008004c56       0x24 C:/Program Files/Rowley Associates Limited/CrossWorks for ARM 4.6/lib/libc_v7em_fpv5_d16_hard_t_le_eabi.a(libc2.o)
                0x0000000008004c56                __RAL_ascii_mbtowc
 *fill*         0x0000000008004c7a        0x2 
 .text.libc.toupper
                0x0000000008004c7c       0x14 C:/Program Files/Rowley Associates Limited/CrossWorks for ARM 4.6/lib/libc_v7em_fpv5_d16_hard_t_le_eabi.a(libc2.o)
                0x0000000008004c7c                toupper
 .text.libc.malloc
                0x0000000008004c90       0x90 C:/Program Files/Rowley Associates Limited/CrossWorks for ARM 4.6/lib/libc_v7em_fpv5_d16_hard_t_le_eabi.a(libc2.o)
                0x0000000008004c90                malloc
 .text.libc.calloc
                0x0000000008004d20       0x1c C:/Program Files/Rowley Associates Limited/CrossWorks for ARM 4.6/lib/libc_v7em_fpv5_d16_hard_t_le_eabi.a(libc2.o)
                0x0000000008004d20                calloc
 .text.libc.free
                0x0000000008004d3c       0xac C:/Program Files/Rowley Associates Limited/CrossWorks for ARM 4.6/lib/libc_v7em_fpv5_d16_hard_t_le_eabi.a(libc2.o)
                0x0000000008004d3c                free
 .text.libc.memcpy
                0x0000000008004de8       0x52 C:/Program Files/Rowley Associates Limited/CrossWorks for ARM 4.6/lib/libc_v7em_fpv5_d16_hard_t_le_eabi.a(libc2_asm.o)
                0x0000000008004de8                __aeabi_memcpy
                0x0000000008004de8                memcpy
                0x0000000008004df4                __aeabi_memcpy8
                0x0000000008004df4                __aeabi_memcpy4
 .text.libc.memset
                0x0000000008004e3a       0x66 C:/Program Files/Rowley Associates Limited/CrossWorks for ARM 4.6/lib/libc_v7em_fpv5_d16_hard_t_le_eabi.a(libc2_asm.o)
                0x0000000008004e3a                memset
 .text.libc.__heap_lock
                0x0000000008004ea0        0x2 C:/Program Files/Rowley Associates Limited/CrossWorks for ARM 4.6/lib/libc_v7em_fpv5_d16_hard_t_le_eabi.a(libc.o)
                0x0000000008004ea0                __heap_lock
 .text.libc.__heap_unlock
                0x0000000008004ea2        0x2 C:/Program Files/Rowley Associates Limited/CrossWorks for ARM 4.6/lib/libc_v7em_fpv5_d16_hard_t_le_eabi.a(libc.o)
                0x0000000008004ea2                __heap_unlock
 .text.libc.debug_printf
                0x0000000008004ea4       0x12 C:/Program Files/Rowley Associates Limited/CrossWorks for ARM 4.6/lib/libdebugio_v7em_fpv5_d16_hard_t_le_eabi.a(libdebugio_asm.o)
                0x0000000008004ea4                debug_printf
 *fill*         0x0000000008004eb6        0x2 
 .text.libdebugio.__do_debug_operation
                0x0000000008004eb8       0x30 C:/Program Files/Rowley Associates Limited/CrossWorks for ARM 4.6/lib/libdebugio_mempoll_v7em_fpv5_d16_hard_t_le_eabi.a(mempoll_debug_operations.o)
                0x0000000008004eb8                __do_debug_operation
                0x0000000008004ee8                __text_end__ = (__text_start__ + SIZEOF (.text))
                0x0000000000004a50                __text_size__ = SIZEOF (.text)
                0x0000000008004ee8                __text_load_end__ = __text_end__

.vfp11_veneer   0x0000000100000000        0x0
 .vfp11_veneer  0x0000000100000000        0x0 linker stubs

.v4_bx          0x0000000100000000        0x0
 .v4_bx         0x0000000100000000        0x0 linker stubs

.iplt           0x0000000100000000        0x0
 .iplt          0x0000000100000000        0x0 qspi_issue THUMB Debug/main.o
                0x0000000000000001                . = ASSERT (((__text_start__ == __text_end__) || ((__text_end__ - __FLASH_segment_start__) <= __FLASH_segment_size__)), error: .text is too large to fit in FLASH memory segment)
                0x0000000008004ee8                __dtors_load_start__ = ALIGN (__text_end__, 0x4)

.dtors          0x0000000008004ee8        0x0
                0x0000000008004ee8                __dtors_start__ = .
 *(SORT_BY_NAME(.dtors.*))
 *(.dtors)
 *(.fini_array)
 *(SORT_BY_NAME(.fini_array.*))
                0x0000000008004ee8                __dtors_end__ = (__dtors_start__ + SIZEOF (.dtors))
                0x0000000000000000                __dtors_size__ = SIZEOF (.dtors)
                0x0000000008004ee8                __dtors_load_end__ = __dtors_end__
                0x0000000000000001                . = ASSERT (((__dtors_start__ == __dtors_end__) || ((__dtors_end__ - __FLASH_segment_start__) <= __FLASH_segment_size__)), error: .dtors is too large to fit in FLASH memory segment)
                0x0000000008004ee8                __ctors_load_start__ = ALIGN (__dtors_end__, 0x4)

.ctors          0x0000000008004ee8        0x0
                0x0000000008004ee8                __ctors_start__ = .
 *(SORT_BY_NAME(.ctors.*))
 *(.ctors)
 *(.init_array)
 *(SORT_BY_NAME(.init_array.*))
                0x0000000008004ee8                __ctors_end__ = (__ctors_start__ + SIZEOF (.ctors))
                0x0000000000000000                __ctors_size__ = SIZEOF (.ctors)
                0x0000000008004ee8                __ctors_load_end__ = __ctors_end__
                0x0000000000000001                . = ASSERT (((__ctors_start__ == __ctors_end__) || ((__ctors_end__ - __FLASH_segment_start__) <= __FLASH_segment_size__)), error: .ctors is too large to fit in FLASH memory segment)
                0x0000000008004ee8                __rodata_load_start__ = ALIGN (__ctors_end__, 0x4)

.rodata         0x0000000008004ee8      0x532
                0x0000000008004ee8                __rodata_start__ = .
 *(.rodata .rodata.* .gnu.linkonce.r.*)
 .rodata.testQSPI.str1.4
                0x0000000008004ee8       0x3a qspi_issue THUMB Debug/main.o
 *fill*         0x0000000008004f22        0x2 
 .rodata.main.str1.4
                0x0000000008004f24       0x37 qspi_issue THUMB Debug/main.o
 *fill*         0x0000000008004f5b        0x1 
 .rodata.uxTopUsedPriority
                0x0000000008004f5c        0x4 qspi_issue THUMB Debug/main.o
                0x0000000008004f5c                uxTopUsedPriority
 .rodata.prvNotifyQueueSetContainer.str1.4
                0x0000000008004f60       0x3c qspi_issue THUMB Debug/queue.o
 .rodata.prvTaskIsTaskSuspended.str1.4
                0x0000000008004f9c       0x3c qspi_issue THUMB Debug/tasks.o
 .rodata.vTaskStartScheduler.str1.4
                0x0000000008004fd8        0x5 qspi_issue THUMB Debug/tasks.o
 *fill*         0x0000000008004fdd        0x3 
 .rodata.prvCheckForValidListAndQueue.str1.4
                0x0000000008004fe0        0x5 qspi_issue THUMB Debug/timers.o
 *fill*         0x0000000008004fe5        0x3 
 .rodata.xTimerCreateTimerTask.str1.4
                0x0000000008004fe8       0x45 qspi_issue THUMB Debug/timers.o
 *fill*         0x000000000800502d        0x3 
 .rodata.prvTaskExitError.str1.4
                0x0000000008005030       0x55 qspi_issue THUMB Debug/port.o
 *fill*         0x0000000008005085        0x3 
 .rodata.qspiTasks.str1.4
                0x0000000008005088       0x4c qspi_issue THUMB Debug/drivQSPI.o
 .rodata.drivQSPIinit.str1.4
                0x00000000080050d4       0x44 qspi_issue THUMB Debug/drivQSPI.o
 .rodata.AHBPrescTable
                0x0000000008005118       0x10 qspi_issue THUMB Debug/system_stm32f7xx.o
                0x0000000008005118                AHBPrescTable
 .rodata.APBPrescTable
                0x0000000008005128        0x8 qspi_issue THUMB Debug/system_stm32f7xx.o
                0x0000000008005128                APBPrescTable
 .rodata.str1.4
                0x0000000008005130       0x1c qspi_issue THUMB Debug/httpROMFS.o
 .rodata.fileList
                0x000000000800514c       0x90 qspi_issue THUMB Debug/httpROMFS.o
 .rodata.libc.__RAL_find_locale.str1.4
                0x00000000080051dc        0xa C:/Program Files/Rowley Associates Limited/CrossWorks for ARM 4.6/lib/libc_v7em_fpv5_d16_hard_t_le_eabi.a(libc2.o)
 *fill*         0x00000000080051e6        0x2 
 .rodata.libc.__RAL_ascii_ctype_map
                0x00000000080051e8       0x80 C:/Program Files/Rowley Associates Limited/CrossWorks for ARM 4.6/lib/libc_v7em_fpv5_d16_hard_t_le_eabi.a(libc2.o)
                0x00000000080051e8                __RAL_ascii_ctype_map
 .rodata.libc.__RAL_ascii_ctype_mask
                0x0000000008005268        0xd C:/Program Files/Rowley Associates Limited/CrossWorks for ARM 4.6/lib/libc_v7em_fpv5_d16_hard_t_le_eabi.a(libc2.o)
 *fill*         0x0000000008005275        0x3 
 .rodata.libc.__RAL_c_locale
                0x0000000008005278        0xc C:/Program Files/Rowley Associates Limited/CrossWorks for ARM 4.6/lib/libc_v7em_fpv5_d16_hard_t_le_eabi.a(libc2.o)
                0x0000000008005278                __RAL_c_locale
 .rodata.libc.__RAL_c_locale_abbrev_day_names
                0x0000000008005284       0x1d C:/Program Files/Rowley Associates Limited/CrossWorks for ARM 4.6/lib/libc_v7em_fpv5_d16_hard_t_le_eabi.a(libc2.o)
                0x0000000008005284                __RAL_c_locale_abbrev_day_names
 *fill*         0x00000000080052a1        0x3 
 .rodata.libc.__RAL_c_locale_abbrev_month_names
                0x00000000080052a4       0x31 C:/Program Files/Rowley Associates Limited/CrossWorks for ARM 4.6/lib/libc_v7em_fpv5_d16_hard_t_le_eabi.a(libc2.o)
                0x00000000080052a4                __RAL_c_locale_abbrev_month_names
 *fill*         0x00000000080052d5        0x3 
 .rodata.libc.__RAL_c_locale_am_pm_indicator
                0x00000000080052d8        0x7 C:/Program Files/Rowley Associates Limited/CrossWorks for ARM 4.6/lib/libc_v7em_fpv5_d16_hard_t_le_eabi.a(libc2.o)
                0x00000000080052d8                __RAL_c_locale_am_pm_indicator
 *fill*         0x00000000080052df        0x1 
 .rodata.libc.__RAL_c_locale_data
                0x00000000080052e0       0x58 C:/Program Files/Rowley Associates Limited/CrossWorks for ARM 4.6/lib/libc_v7em_fpv5_d16_hard_t_le_eabi.a(libc2.o)
                0x00000000080052e0                __RAL_c_locale_data
 .rodata.libc.__RAL_c_locale_date_format
                0x0000000008005338        0x9 C:/Program Files/Rowley Associates Limited/CrossWorks for ARM 4.6/lib/libc_v7em_fpv5_d16_hard_t_le_eabi.a(libc2.o)
                0x0000000008005338                __RAL_c_locale_date_format
 *fill*         0x0000000008005341        0x3 
 .rodata.libc.__RAL_c_locale_date_time_format
                0x0000000008005344        0xf C:/Program Files/Rowley Associates Limited/CrossWorks for ARM 4.6/lib/libc_v7em_fpv5_d16_hard_t_le_eabi.a(libc2.o)
                0x0000000008005344                __RAL_c_locale_date_time_format
 *fill*         0x0000000008005353        0x1 
 .rodata.libc.__RAL_c_locale_day_names
                0x0000000008005354       0x3a C:/Program Files/Rowley Associates Limited/CrossWorks for ARM 4.6/lib/libc_v7em_fpv5_d16_hard_t_le_eabi.a(libc2.o)
                0x0000000008005354                __RAL_c_locale_day_names
 *fill*         0x000000000800538e        0x2 
 .rodata.libc.__RAL_c_locale_month_names
                0x0000000008005390       0x57 C:/Program Files/Rowley Associates Limited/CrossWorks for ARM 4.6/lib/libc_v7em_fpv5_d16_hard_t_le_eabi.a(libc2.o)
                0x0000000008005390                __RAL_c_locale_month_names
 *fill*         0x00000000080053e7        0x1 
 .rodata.libc.__RAL_c_locale_time_format
                0x00000000080053e8        0x9 C:/Program Files/Rowley Associates Limited/CrossWorks for ARM 4.6/lib/libc_v7em_fpv5_d16_hard_t_le_eabi.a(libc2.o)
                0x00000000080053e8                __RAL_c_locale_time_format
 *fill*         0x00000000080053f1        0x3 
 .rodata.libc.__RAL_codeset_ascii
                0x00000000080053f4       0x20 C:/Program Files/Rowley Associates Limited/CrossWorks for ARM 4.6/lib/libc_v7em_fpv5_d16_hard_t_le_eabi.a(libc2.o)
                0x00000000080053f4                __RAL_codeset_ascii
 .rodata.libc.__RAL_data_empty_string
                0x0000000008005414        0x1 C:/Program Files/Rowley Associates Limited/CrossWorks for ARM 4.6/lib/libc_v7em_fpv5_d16_hard_t_le_eabi.a(libc2.o)
                0x0000000008005414                __RAL_data_empty_string
 *fill*         0x0000000008005415        0x3 
 .rodata.libc.__RAL_data_utf8_period
                0x0000000008005418        0x2 C:/Program Files/Rowley Associates Limited/CrossWorks for ARM 4.6/lib/libc_v7em_fpv5_d16_hard_t_le_eabi.a(libc2.o)
                0x0000000008005418                __RAL_data_utf8_period
                0x000000000800541a                __rodata_end__ = (__rodata_start__ + SIZEOF (.rodata))
                0x0000000000000532                __rodata_size__ = SIZEOF (.rodata)
                0x000000000800541a                __rodata_load_end__ = __rodata_end__

.rel.dyn        0x0000000000200000        0x0
 .rel.iplt      0x0000000000200000        0x0 qspi_issue THUMB Debug/main.o
                0x0000000000000001                . = ASSERT (((__rodata_start__ == __rodata_end__) || ((__rodata_end__ - __FLASH_segment_start__) <= __FLASH_segment_size__)), error: .rodata is too large to fit in FLASH memory segment)
                0x000000000800541c                __ARM.exidx_load_start__ = ALIGN (__rodata_end__, 0x4)

.ARM.exidx      0x000000000800541c        0x0
                0x000000000800541c                __ARM.exidx_start__ = .
                0x000000000800541c                __exidx_start = __ARM.exidx_start__
 *(.ARM.exidx .ARM.exidx.*)
                0x000000000800541c                __ARM.exidx_end__ = (__ARM.exidx_start__ + SIZEOF (.ARM.exidx))
                0x0000000000000000                __ARM.exidx_size__ = SIZEOF (.ARM.exidx)
                0x000000000800541c                __exidx_end = __ARM.exidx_end__
                0x000000000800541c                __ARM.exidx_load_end__ = __ARM.exidx_end__
                0x0000000000000001                . = ASSERT (((__ARM.exidx_start__ == __ARM.exidx_end__) || ((__ARM.exidx_end__ - __FLASH_segment_start__) <= __FLASH_segment_size__)), error: .ARM.exidx is too large to fit in FLASH memory segment)
                0x000000000800541c                __fast_load_start__ = ALIGN (__ARM.exidx_end__, 0x4)

.fast           0x0000000020000000        0x0 load address 0x000000000800541c
                0x0000000020000000                __fast_start__ = .
 *(.fast .fast.*)
                0x0000000020000000                __fast_end__ = (__fast_start__ + SIZEOF (.fast))
                0x0000000000000000                __fast_size__ = SIZEOF (.fast)
                0x000000000800541c                __fast_load_end__ = (__fast_load_start__ + SIZEOF (.fast))
                0x0000000000000001                . = ASSERT (((__fast_load_start__ == __fast_load_end__) || ((__fast_load_end__ - __FLASH_segment_start__) <= __FLASH_segment_size__)), error: .fast is too large to fit in FLASH memory segment)

.fast_run       0x0000000020000000        0x0
                0x0000000020000000                __fast_run_start__ = .
                0x0000000020000000                . = MAX ((__fast_run_start__ + SIZEOF (.fast)), .)
                0x0000000020000000                __fast_run_end__ = (__fast_run_start__ + SIZEOF (.fast_run))
                0x0000000000000000                __fast_run_size__ = SIZEOF (.fast_run)
                0x0000000020000000                __fast_run_load_end__ = __fast_run_end__
                0x0000000000000001                . = ASSERT (((__fast_run_start__ == __fast_run_end__) || ((__fast_run_end__ - __RAM_segment_start__) <= __RAM_segment_size__)), error: .fast_run is too large to fit in RAM memory segment)
                0x0000000020000000                __fast_test_load_start__ = ALIGN (__fast_run_end__, 0x4)

.fast_test      0x0000000020000000        0x0
                0x0000000020000000                __fast_test_start__ = .
 *(.fast_test .fast_test.*)
                0x0000000020000000                __fast_test_end__ = (__fast_test_start__ + SIZEOF (.fast_test))
                0x0000000000000000                __fast_test_size__ = SIZEOF (.fast_test)
                0x0000000020000000                __fast_test_load_end__ = __fast_test_end__
                0x0000000000000001                . = ASSERT (((__fast_test_start__ == __fast_test_end__) || ((__fast_test_end__ - __RAM_segment_start__) <= __RAM_segment_size__)), error: .fast_test is too large to fit in RAM memory segment)
                0x000000000800541c                __data_load_start__ = ALIGN ((__fast_load_start__ + SIZEOF (.fast)), 0x4)

.data           0x0000000020000000       0x28 load address 0x000000000800541c
                0x0000000020000000                __data_start__ = .
 *(.data .data.* .gnu.linkonce.d.*)
 .data.uwTickFreq
                0x0000000020000000        0x1 qspi_issue THUMB Debug/stm32f7xx_hal.o
                0x0000000020000000                uwTickFreq
 *fill*         0x0000000020000001        0x3 
 .data.uxCriticalNesting
                0x0000000020000004        0x4 qspi_issue THUMB Debug/port.o
 .data.drivStatus
                0x0000000020000008        0x4 qspi_issue THUMB Debug/drivQSPI.o
 .data.SystemCoreClock
                0x000000002000000c        0x4 qspi_issue THUMB Debug/system_stm32f7xx.o
                0x000000002000000c                SystemCoreClock
 .data.libc.__RAL_global_locale
                0x0000000020000010       0x14 C:/Program Files/Rowley Associates Limited/CrossWorks for ARM 4.6/lib/libc_v7em_fpv5_d16_hard_t_le_eabi.a(libc2.o)
                0x0000000020000010                __RAL_global_locale
 .data.libc.heap
                0x0000000020000024        0x4 C:/Program Files/Rowley Associates Limited/CrossWorks for ARM 4.6/lib/libc_v7em_fpv5_d16_hard_t_le_eabi.a(libc2.o)
                0x0000000020000028                __data_end__ = (__data_start__ + SIZEOF (.data))
                0x0000000000000028                __data_size__ = SIZEOF (.data)
                0x0000000008005444                __data_load_end__ = (__data_load_start__ + SIZEOF (.data))

.igot.plt       0x0000000100000000        0x0
 .igot.plt      0x0000000100000000        0x0 qspi_issue THUMB Debug/main.o
                0x0000000000000001                . = ASSERT (((__data_load_start__ == __data_load_end__) || ((__data_load_end__ - __FLASH_segment_start__) <= __FLASH_segment_size__)), error: .data is too large to fit in FLASH memory segment)

.data_run       0x0000000020000000       0x28 load address 0x000000000800541c
                0x0000000020000000                __data_run_start__ = .
                0x0000000020000028                . = MAX ((__data_run_start__ + SIZEOF (.data)), .)
 *fill*         0x0000000020000000       0x28 
                0x0000000020000028                __data_run_end__ = (__data_run_start__ + SIZEOF (.data_run))
                0x0000000000000028                __data_run_size__ = SIZEOF (.data_run)
                0x0000000020000028                __data_run_load_end__ = __data_run_end__
                0x0000000000000001                . = ASSERT (((__data_run_start__ == __data_run_end__) || ((__data_run_end__ - __RAM_segment_start__) <= __RAM_segment_size__)), error: .data_run is too large to fit in RAM memory segment)
                0x0000000020000028                __bss_load_start__ = ALIGN (__data_run_end__, 0x4)

.bss            0x0000000020000028      0x3c4
                0x0000000020000028                __bss_start__ = .
 *(.bss .bss.* .gnu.linkonce.b.*)
 .bss.buf.10472
                0x0000000020000028       0x80 qspi_issue THUMB Debug/main.o
 .bss.debugMutex
                0x00000000200000a8        0x4 qspi_issue THUMB Debug/main.o
                0x00000000200000a8                debugMutex
 .bss.printfMutex
                0x00000000200000ac        0x4 qspi_issue THUMB Debug/main.o
                0x00000000200000ac                printfMutex
 .bss.uwTick    0x00000000200000b0        0x4 qspi_issue THUMB Debug/stm32f7xx_hal.o
                0x00000000200000b0                uwTick
 .bss.xQueueRegistry
                0x00000000200000b4       0x40 qspi_issue THUMB Debug/queue.o
                0x00000000200000b4                xQueueRegistry
 .bss.pxCurrentTCB
                0x00000000200000f4        0x4 qspi_issue THUMB Debug/tasks.o
                0x00000000200000f4                pxCurrentTCB
 .bss.pxDelayedTaskList
                0x00000000200000f8        0x4 qspi_issue THUMB Debug/tasks.o
 .bss.pxOverflowDelayedTaskList
                0x00000000200000fc        0x4 qspi_issue THUMB Debug/tasks.o
 .bss.pxReadyTasksLists
                0x0000000020000100       0xc8 qspi_issue THUMB Debug/tasks.o
 .bss.ulTaskSwitchedInTime
                0x00000000200001c8        0x4 qspi_issue THUMB Debug/tasks.o
 .bss.uxCurrentNumberOfTasks
                0x00000000200001cc        0x4 qspi_issue THUMB Debug/tasks.o
 .bss.uxDeletedTasksWaitingCleanUp
                0x00000000200001d0        0x4 qspi_issue THUMB Debug/tasks.o
 .bss.uxPendedTicks
                0x00000000200001d4        0x4 qspi_issue THUMB Debug/tasks.o
 .bss.uxSchedulerSuspended
                0x00000000200001d8        0x4 qspi_issue THUMB Debug/tasks.o
 .bss.uxTaskNumber
                0x00000000200001dc        0x4 qspi_issue THUMB Debug/tasks.o
 .bss.uxTopReadyPriority
                0x00000000200001e0        0x4 qspi_issue THUMB Debug/tasks.o
 .bss.xDelayedTaskList1
                0x00000000200001e4       0x14 qspi_issue THUMB Debug/tasks.o
 .bss.xDelayedTaskList2
                0x00000000200001f8       0x14 qspi_issue THUMB Debug/tasks.o
 .bss.xIdleTaskHandle
                0x000000002000020c        0x4 qspi_issue THUMB Debug/tasks.o
 .bss.xNextTaskUnblockTime
                0x0000000020000210        0x4 qspi_issue THUMB Debug/tasks.o
 .bss.xNumOfOverflows
                0x0000000020000214        0x4 qspi_issue THUMB Debug/tasks.o
 .bss.xPendingReadyList
                0x0000000020000218       0x14 qspi_issue THUMB Debug/tasks.o
 .bss.xSchedulerRunning
                0x000000002000022c        0x4 qspi_issue THUMB Debug/tasks.o
 .bss.xSuspendedTaskList
                0x0000000020000230       0x14 qspi_issue THUMB Debug/tasks.o
 .bss.xTasksWaitingTermination
                0x0000000020000244       0x14 qspi_issue THUMB Debug/tasks.o
 .bss.xTickCount
                0x0000000020000258        0x4 qspi_issue THUMB Debug/tasks.o
 .bss.xYieldPending
                0x000000002000025c        0x4 qspi_issue THUMB Debug/tasks.o
 .bss.pxCurrentTimerList
                0x0000000020000260        0x4 qspi_issue THUMB Debug/timers.o
 .bss.pxOverflowTimerList
                0x0000000020000264        0x4 qspi_issue THUMB Debug/timers.o
 .bss.xActiveTimerList1
                0x0000000020000268       0x14 qspi_issue THUMB Debug/timers.o
 .bss.xActiveTimerList2
                0x000000002000027c       0x14 qspi_issue THUMB Debug/timers.o
 .bss.xLastTime.7993
                0x0000000020000290        0x4 qspi_issue THUMB Debug/timers.o
 .bss.xTimerQueue
                0x0000000020000294        0x4 qspi_issue THUMB Debug/timers.o
 .bss.xTimerTaskHandle
                0x0000000020000298        0x4 qspi_issue THUMB Debug/timers.o
 .bss.ucMaxSysCallPriority
                0x000000002000029c        0x1 qspi_issue THUMB Debug/port.o
 *fill*         0x000000002000029d        0x3 
 .bss.ulMaxPRIGROUPValue
                0x00000000200002a0        0x4 qspi_issue THUMB Debug/port.o
 .bss.qspiAction
                0x00000000200002a4        0x4 qspi_issue THUMB Debug/drivQSPI.o
 .bss.xQueueCmd
                0x00000000200002a8        0x4 qspi_issue THUMB Debug/drivQSPI.o
 .bss.xQueueReadCmd.11567
                0x00000000200002ac       0x18 qspi_issue THUMB Debug/drivQSPI.o
 .bss.xQueueWriteCmd.11568
                0x00000000200002c4       0x18 qspi_issue THUMB Debug/drivQSPI.o
 .bss.xqspiTaskHandle
                0x00000000200002dc        0x4 qspi_issue THUMB Debug/drivQSPI.o
                0x00000000200002dc                xqspiTaskHandle
 .bss.hqspi     0x00000000200002e0       0x4c qspi_issue THUMB Debug/init.o
                0x00000000200002e0                hqspi
 .bss.hsdram1   0x000000002000032c       0x34 qspi_issue THUMB Debug/init.o
                0x000000002000032c                hsdram1
 .bss.FMC_Initialized
                0x0000000020000360        0x4 qspi_issue THUMB Debug/stm32f7xx_hal_msp.o
 .bss.htim7     0x0000000020000364       0x40 qspi_issue THUMB Debug/stm32f7xx_hal_timebase_tim.o
                0x0000000020000364                htim7
 .bss.faultData
                0x00000000200003a4       0x40 qspi_issue THUMB Debug/stm32f7xx_it.o
                0x00000000200003a4                faultData
 .bss.libdebugio.dbgCntrlWord_mempoll
                0x00000000200003e4        0x4 C:/Program Files/Rowley Associates Limited/CrossWorks for ARM 4.6/lib/libdebugio_mempoll_v7em_fpv5_d16_hard_t_le_eabi.a(mempoll_debug_operations.o)
                0x00000000200003e4                dbgCntrlWord_mempoll
 .bss.libdebugio.dbgCommWord
                0x00000000200003e8        0x4 C:/Program Files/Rowley Associates Limited/CrossWorks for ARM 4.6/lib/libdebugio_mempoll_v7em_fpv5_d16_hard_t_le_eabi.a(mempoll_debug_operations.o)
                0x00000000200003e8                dbgCommWord
 *(COMMON)
                0x00000000200003ec                __bss_end__ = (__bss_start__ + SIZEOF (.bss))
                0x00000000000003c4                __bss_size__ = SIZEOF (.bss)
                0x00000000200003ec                __bss_load_end__ = __bss_end__
                0x0000000000000001                . = ASSERT (((__bss_start__ == __bss_end__) || ((__bss_end__ - __RAM_segment_start__) <= __RAM_segment_size__)), error: .bss is too large to fit in RAM memory segment)
                0x00000000200003ec                __tbss_load_start__ = ALIGN (__bss_end__, 0x4)

.tbss           0x00000000200003ec        0x0
                0x00000000200003ec                __tbss_start__ = .
 *(.tbss .tbss.*)
                0x00000000200003ec                __tbss_end__ = (__tbss_start__ + SIZEOF (.tbss))
                0x0000000000000000                __tbss_size__ = SIZEOF (.tbss)
                0x00000000200003ec                __tbss_load_end__ = __tbss_end__
                0x0000000000000001                . = ASSERT (((__tbss_start__ == __tbss_end__) || ((__tbss_end__ - __RAM_segment_start__) <= __RAM_segment_size__)), error: .tbss is too large to fit in RAM memory segment)
                0x0000000008005444                __tdata_load_start__ = ALIGN ((__data_load_start__ + SIZEOF (.data)), 0x4)

.tdata          0x00000000200003ec        0x0 load address 0x0000000008005444
                0x00000000200003ec                __tdata_start__ = .
 *(.tdata .tdata.*)
                0x00000000200003ec                __tdata_end__ = (__tdata_start__ + SIZEOF (.tdata))
                0x0000000000000000                __tdata_size__ = SIZEOF (.tdata)
                0x0000000008005444                __tdata_load_end__ = (__tdata_load_start__ + SIZEOF (.tdata))
                0x0000000008005444                __FLASH_segment_used_end__ = (ALIGN ((__data_load_start__ + SIZEOF (.data)), 0x4) + SIZEOF (.tdata))
                0x0000000000005444                __FLASH_segment_used_size__ = (__FLASH_segment_used_end__ - __FLASH_segment_start__)
                0x0000000000000001                . = ASSERT (((__tdata_load_start__ == __tdata_load_end__) || ((__tdata_load_end__ - __FLASH_segment_start__) <= __FLASH_segment_size__)), error: .tdata is too large to fit in FLASH memory segment)

.tdata_run      0x00000000200003ec        0x0
                0x00000000200003ec                __tdata_run_start__ = .
                0x00000000200003ec                . = MAX ((__tdata_run_start__ + SIZEOF (.tdata)), .)
                0x00000000200003ec                __tdata_run_end__ = (__tdata_run_start__ + SIZEOF (.tdata_run))
                0x0000000000000000                __tdata_run_size__ = SIZEOF (.tdata_run)
                0x00000000200003ec                __tdata_run_load_end__ = __tdata_run_end__
                0x0000000000000001                . = ASSERT (((__tdata_run_start__ == __tdata_run_end__) || ((__tdata_run_end__ - __RAM_segment_start__) <= __RAM_segment_size__)), error: .tdata_run is too large to fit in RAM memory segment)
                0x00000000200003ec                __non_init_load_start__ = ALIGN (__tdata_run_end__, 0x4)

.non_init       0x00000000200003ec        0x0
                0x00000000200003ec                __non_init_start__ = .
 *(.non_init .non_init.*)
                0x00000000200003ec                __non_init_end__ = (__non_init_start__ + SIZEOF (.non_init))
                0x0000000000000000                __non_init_size__ = SIZEOF (.non_init)
                0x00000000200003ec                __non_init_load_end__ = __non_init_end__
                0x0000000000000001                . = ASSERT (((__non_init_start__ == __non_init_end__) || ((__non_init_end__ - __RAM_segment_start__) <= __RAM_segment_size__)), error: .non_init is too large to fit in RAM memory segment)
                0x00000000200003ec                __heap_load_start__ = ALIGN (__non_init_end__, 0x4)

.heap           0x00000000200003ec     0x8000
                0x00000000200003ec                __heap_start__ = .
 *(.heap .heap.*)
                0x00000000200083ec                . = ALIGN (MAX ((__heap_start__ + __HEAPSIZE__), .), 0x4)
 *fill*         0x00000000200003ec     0x8000 
                0x00000000200083ec                __heap_end__ = (__heap_start__ + SIZEOF (.heap))
                0x0000000000008000                __heap_size__ = SIZEOF (.heap)
                0x00000000200083ec                __heap_load_end__ = __heap_end__
                0x0000000000000001                . = ASSERT (((__heap_start__ == __heap_end__) || ((__heap_end__ - __RAM_segment_start__) <= __RAM_segment_size__)), error: .heap is too large to fit in RAM memory segment)
                0x00000000200083f0                __stack_load_start__ = ALIGN (__heap_end__, 0x8)

.stack          0x00000000200083f0     0x2000
                0x00000000200083f0                __stack_start__ = .
 *(.stack .stack.*)
                0x000000002000a3f0                . = ALIGN (MAX ((__stack_start__ + __STACKSIZE__), .), 0x8)
 *fill*         0x00000000200083f0     0x2000 
                0x000000002000a3f0                __stack_end__ = (__stack_start__ + SIZEOF (.stack))
                0x0000000000002000                __stack_size__ = SIZEOF (.stack)
                0x000000002000a3f0                __stack_load_end__ = __stack_end__
                0x0000000000000001                . = ASSERT (((__stack_start__ == __stack_end__) || ((__stack_end__ - __RAM_segment_start__) <= __RAM_segment_size__)), error: .stack is too large to fit in RAM memory segment)
                0x000000002000a3f0                __stack_process_load_start__ = ALIGN (__stack_end__, 0x8)

.stack_process  0x000000002000a3f0        0x0
                0x000000002000a3f0                __stack_process_start__ = .
 *(.stack_process .stack_process.*)
                0x000000002000a3f0                . = ALIGN (MAX ((__stack_process_start__ + __STACKSIZE_PROCESS__), .), 0x8)
                0x000000002000a3f0                __stack_process_end__ = (__stack_process_start__ + SIZEOF (.stack_process))
                0x0000000000000000                __stack_process_size__ = SIZEOF (.stack_process)
                0x000000002000a3f0                __stack_process_load_end__ = __stack_process_end__
                0x0000000000000001                . = ASSERT (((__stack_process_start__ == __stack_process_end__) || ((__stack_process_end__ - __RAM_segment_start__) <= __RAM_segment_size__)), error: .stack_process is too large to fit in RAM memory segment)
                0x000000002000a3f0                __slow_heap_load_start__ = ALIGN (__stack_process_end__, 0x10)

.slow_heap      0x000000002000a3f0        0x0
                0x000000002000a3f0                __slow_heap_start__ = .
 *(.slow_heap .slow_heap.*)
                0x000000002000a3f0                __slow_heap_end__ = (__slow_heap_start__ + SIZEOF (.slow_heap))
                0x0000000000000000                __slow_heap_size__ = SIZEOF (.slow_heap)
                0x000000002000a3f0                __slow_heap_load_end__ = __slow_heap_end__
                0x000000002000a3f0                __RAM_segment_used_end__ = (ALIGN (__stack_process_end__, 0x10) + SIZEOF (.slow_heap))
                0x000000000000a3f0                __RAM_segment_used_size__ = (__RAM_segment_used_end__ - __RAM_segment_start__)
                0x0000000000000001                . = ASSERT (((__slow_heap_start__ == __slow_heap_end__) || ((__slow_heap_end__ - __RAM_segment_start__) <= __RAM_segment_size__)), error: .slow_heap is too large to fit in RAM memory segment)
START GROUP
LOAD qspi_issue THUMB Debug/main.o
LOAD qspi_issue THUMB Debug/stm32f7xx_hal.o
LOAD qspi_issue THUMB Debug/stm32f7xx_hal_cortex.o
LOAD qspi_issue THUMB Debug/stm32f7xx_hal_qspi.o
LOAD qspi_issue THUMB Debug/stm32f7xx_hal_rcc.o
LOAD qspi_issue THUMB Debug/stm32f7xx_hal_sdram.o
LOAD qspi_issue THUMB Debug/stm32f7xx_hal_tim.o
LOAD qspi_issue THUMB Debug/stm32f7xx_hal_tim_ex.o
LOAD qspi_issue THUMB Debug/stm32f7xx_ll_exti.o
LOAD qspi_issue THUMB Debug/stm32f7xx_ll_fmc.o
LOAD qspi_issue THUMB Debug/stm32f7xx_ll_gpio.o
LOAD qspi_issue THUMB Debug/stm32f7xx_ll_i2c.o
LOAD qspi_issue THUMB Debug/stm32f7xx_ll_rcc.o
LOAD qspi_issue THUMB Debug/stm32f7xx_ll_tim.o
LOAD qspi_issue THUMB Debug/stm32f7xx_ll_usart.o
LOAD qspi_issue THUMB Debug/stm32f7xx_ll_utils.o
LOAD qspi_issue THUMB Debug/stm32f7xx_ll_spi.o
LOAD qspi_issue THUMB Debug/croutine.o
LOAD qspi_issue THUMB Debug/event_groups.o
LOAD qspi_issue THUMB Debug/list.o
LOAD qspi_issue THUMB Debug/queue.o
LOAD qspi_issue THUMB Debug/stream_buffer.o
LOAD qspi_issue THUMB Debug/tasks.o
LOAD qspi_issue THUMB Debug/timers.o
LOAD qspi_issue THUMB Debug/heap_6.o
LOAD qspi_issue THUMB Debug/port.o
LOAD qspi_issue THUMB Debug/drivQSPI.o
LOAD qspi_issue THUMB Debug/init.o
LOAD qspi_issue THUMB Debug/stm32f7xx_hal_msp.o
LOAD qspi_issue THUMB Debug/stm32f7xx_hal_timebase_tim.o
LOAD qspi_issue THUMB Debug/stm32f7xx_it.o
LOAD qspi_issue THUMB Debug/system_stm32f7xx.o
LOAD qspi_issue THUMB Debug/httpROMFS.o
LOAD qspi_issue THUMB Debug/httpROMFSdata.o
LOAD qspi_issue THUMB Debug/yaRomfsCore.o
LOAD qspi_issue THUMB Debug/thumb_crt0.o
LOAD qspi_issue THUMB Debug/STM32_Startup.o
LOAD C:/Program Files/Rowley Associates Limited/CrossWorks for ARM 4.6/lib/libcm_v7em_fpv5_d16_hard_t_le_eabi.a
LOAD C:/Program Files/Rowley Associates Limited/CrossWorks for ARM 4.6/lib/libdebugio_mempoll_v7em_fpv5_d16_hard_t_le_eabi.a
LOAD C:/Program Files/Rowley Associates Limited/CrossWorks for ARM 4.6/lib/libm_v7em_fpv5_d16_hard_t_le_eabi.a
LOAD C:/Program Files/Rowley Associates Limited/CrossWorks for ARM 4.6/lib/libc_v7em_fpv5_d16_hard_t_le_eabi.a
LOAD C:/Program Files/Rowley Associates Limited/CrossWorks for ARM 4.6/lib/libcpp_v7em_fpv5_d16_hard_t_le_eabi.a
LOAD C:/Program Files/Rowley Associates Limited/CrossWorks for ARM 4.6/lib/libdebugio_v7em_fpv5_d16_hard_t_le_eabi.a
LOAD C:/Program Files/Rowley Associates Limited/CrossWorks for ARM 4.6/lib/libvfprintf_v7em_fpv5_d16_hard_t_le_eabi.o
LOAD C:/Program Files/Rowley Associates Limited/CrossWorks for ARM 4.6/lib/libvfscanf_v7em_fpv5_d16_hard_t_le_eabi.o
END GROUP
OUTPUT(qspi_issue THUMB Debug/qspi_issue.elf elf32-littlearm)

.debug_frame    0x0000000000000000     0x3e04
 .debug_frame   0x0000000000000000      0x140 qspi_issue THUMB Debug/main.o
 .debug_frame   0x0000000000000140      0x240 qspi_issue THUMB Debug/stm32f7xx_hal.o
 .debug_frame   0x0000000000000380      0x178 qspi_issue THUMB Debug/stm32f7xx_hal_cortex.o
 .debug_frame   0x00000000000004f8      0x4e8 qspi_issue THUMB Debug/stm32f7xx_hal_qspi.o
 .debug_frame   0x00000000000009e0      0x1c0 qspi_issue THUMB Debug/stm32f7xx_hal_rcc.o
 .debug_frame   0x0000000000000ba0      0x2bc qspi_issue THUMB Debug/stm32f7xx_hal_sdram.o
 .debug_frame   0x0000000000000e5c      0xbcc qspi_issue THUMB Debug/stm32f7xx_hal_tim.o
 .debug_frame   0x0000000000001a28      0x4e8 qspi_issue THUMB Debug/stm32f7xx_hal_tim_ex.o
 .debug_frame   0x0000000000001f10       0x60 qspi_issue THUMB Debug/stm32f7xx_ll_exti.o
 .debug_frame   0x0000000000001f70      0x240 qspi_issue THUMB Debug/stm32f7xx_ll_fmc.o
 .debug_frame   0x00000000000021b0       0x54 qspi_issue THUMB Debug/stm32f7xx_ll_gpio.o
 .debug_frame   0x0000000000002204       0x54 qspi_issue THUMB Debug/stm32f7xx_ll_i2c.o
 .debug_frame   0x0000000000002258      0x2ec qspi_issue THUMB Debug/stm32f7xx_ll_rcc.o
 .debug_frame   0x0000000000002544       0x84 qspi_issue THUMB Debug/stm32f7xx_ll_usart.o
 .debug_frame   0x00000000000025c8       0xd4 qspi_issue THUMB Debug/stm32f7xx_ll_utils.o
 .debug_frame   0x000000000000269c       0xc0 qspi_issue THUMB Debug/stm32f7xx_ll_spi.o
 .debug_frame   0x000000000000275c       0x7c qspi_issue THUMB Debug/list.o
 .debug_frame   0x00000000000027d8      0x4f0 qspi_issue THUMB Debug/queue.o
 .debug_frame   0x0000000000002cc8      0x6d8 qspi_issue THUMB Debug/tasks.o
 .debug_frame   0x00000000000033a0      0x2ac qspi_issue THUMB Debug/timers.o
 .debug_frame   0x000000000000364c       0x50 qspi_issue THUMB Debug/heap_6.o
 .debug_frame   0x000000000000369c      0x15c qspi_issue THUMB Debug/port.o
 .debug_frame   0x00000000000037f8      0x1e4 qspi_issue THUMB Debug/drivQSPI.o
 .debug_frame   0x00000000000039dc       0xcc qspi_issue THUMB Debug/init.o
 .debug_frame   0x0000000000003aa8       0xe4 qspi_issue THUMB Debug/stm32f7xx_hal_msp.o
 .debug_frame   0x0000000000003b8c       0x60 qspi_issue THUMB Debug/stm32f7xx_hal_timebase_tim.o
 .debug_frame   0x0000000000003bec       0x9c qspi_issue THUMB Debug/stm32f7xx_it.o
 .debug_frame   0x0000000000003c88       0x44 qspi_issue THUMB Debug/system_stm32f7xx.o
 .debug_frame   0x0000000000003ccc       0x30 qspi_issue THUMB Debug/httpROMFS.o
 .debug_frame   0x0000000000003cfc      0x108 qspi_issue THUMB Debug/yaRomfsCore.o

.debug_info     0x0000000000000000    0x2a376
 .debug_info    0x0000000000000000      0xe7e qspi_issue THUMB Debug/main.o
 .debug_info    0x0000000000000e7e     0x110f qspi_issue THUMB Debug/stm32f7xx_hal.o
 .debug_info    0x0000000000001f8d     0x190a qspi_issue THUMB Debug/stm32f7xx_hal_cortex.o
 .debug_info    0x0000000000003897     0x1f12 qspi_issue THUMB Debug/stm32f7xx_hal_qspi.o
 .debug_info    0x00000000000057a9     0x11ef qspi_issue THUMB Debug/stm32f7xx_hal_rcc.o
 .debug_info    0x0000000000006998     0x14f7 qspi_issue THUMB Debug/stm32f7xx_hal_sdram.o
 .debug_info    0x0000000000007e8f     0x4071 qspi_issue THUMB Debug/stm32f7xx_hal_tim.o
 .debug_info    0x000000000000bf00     0x1e11 qspi_issue THUMB Debug/stm32f7xx_hal_tim_ex.o
 .debug_info    0x000000000000dd11      0x565 qspi_issue THUMB Debug/stm32f7xx_ll_exti.o
 .debug_info    0x000000000000e276     0x13b3 qspi_issue THUMB Debug/stm32f7xx_ll_fmc.o
 .debug_info    0x000000000000f629      0xf74 qspi_issue THUMB Debug/stm32f7xx_ll_gpio.o
 .debug_info    0x000000000001059d      0x941 qspi_issue THUMB Debug/stm32f7xx_ll_i2c.o
 .debug_info    0x0000000000010ede     0x1d45 qspi_issue THUMB Debug/stm32f7xx_ll_rcc.o
 .debug_info    0x0000000000012c23      0xbae qspi_issue THUMB Debug/stm32f7xx_ll_usart.o
 .debug_info    0x00000000000137d1      0xd6b qspi_issue THUMB Debug/stm32f7xx_ll_utils.o
 .debug_info    0x000000000001453c      0xa64 qspi_issue THUMB Debug/stm32f7xx_ll_spi.o
 .debug_info    0x0000000000014fa0      0x89c qspi_issue THUMB Debug/list.o
 .debug_info    0x000000000001583c     0x2bce qspi_issue THUMB Debug/queue.o
 .debug_info    0x000000000001840a     0x3829 qspi_issue THUMB Debug/tasks.o
 .debug_info    0x000000000001bc33     0x1ac8 qspi_issue THUMB Debug/timers.o
 .debug_info    0x000000000001d6fb      0x72e qspi_issue THUMB Debug/heap_6.o
 .debug_info    0x000000000001de29      0xae6 qspi_issue THUMB Debug/port.o
 .debug_info    0x000000000001e90f     0x2374 qspi_issue THUMB Debug/drivQSPI.o
 .debug_info    0x0000000000020c83     0x4748 qspi_issue THUMB Debug/init.o
 .debug_info    0x00000000000253cb     0x138b qspi_issue THUMB Debug/stm32f7xx_hal_msp.o
 .debug_info    0x0000000000026756     0x12f2 qspi_issue THUMB Debug/stm32f7xx_hal_timebase_tim.o
 .debug_info    0x0000000000027a48      0xdb7 qspi_issue THUMB Debug/stm32f7xx_it.o
 .debug_info    0x00000000000287ff      0x736 qspi_issue THUMB Debug/system_stm32f7xx.o
 .debug_info    0x0000000000028f35      0x87a qspi_issue THUMB Debug/httpROMFS.o
 .debug_info    0x00000000000297af       0x93 qspi_issue THUMB Debug/httpROMFSdata.o
 .debug_info    0x0000000000029842      0xaec qspi_issue THUMB Debug/yaRomfsCore.o
 .debug_info    0x000000000002a32e       0x22 qspi_issue THUMB Debug/thumb_crt0.o